Archive member included to satisfy reference by file (symbol)

/opt/devkitpro/devkitARM/bin/../lib/gcc/arm-none-eabi/13.1.0/thumb/libgcc.a(_call_via_rX.o)
                              mm_main_gba.o (_call_via_r1)
/opt/devkitpro/devkitARM/bin/../lib/gcc/arm-none-eabi/13.1.0/thumb/libgcc.a(_thumb1_case_uqi.o)
                              /var/folders/hh/23pglgc92ms4484tj0gqpx6m0000gn/T//ccywccRP.ltrans0.ltrans.o (__gnu_thumb1_case_uqi)
/opt/devkitpro/devkitARM/bin/../lib/gcc/arm-none-eabi/13.1.0/thumb/libgcc.a(_thumb1_case_uhi.o)
                              /var/folders/hh/23pglgc92ms4484tj0gqpx6m0000gn/T//ccywccRP.ltrans0.ltrans.o (__gnu_thumb1_case_uhi)

Discarded input sections

 .text          0x00000000        0x0 /opt/devkitpro/devkitARM/bin/../lib/gcc/arm-none-eabi/13.1.0/../../../../arm-none-eabi/lib/thumb/gba_crt0.o
 .data          0x00000000        0x0 /opt/devkitpro/devkitARM/bin/../lib/gcc/arm-none-eabi/13.1.0/../../../../arm-none-eabi/lib/thumb/gba_crt0.o
 .bss           0x00000000        0x0 /opt/devkitpro/devkitARM/bin/../lib/gcc/arm-none-eabi/13.1.0/../../../../arm-none-eabi/lib/thumb/gba_crt0.o
 .text          0x00000000        0x0 /opt/devkitpro/devkitARM/bin/../lib/gcc/arm-none-eabi/13.1.0/thumb/crti.o
 .data          0x00000000        0x0 /opt/devkitpro/devkitARM/bin/../lib/gcc/arm-none-eabi/13.1.0/thumb/crti.o
 .bss           0x00000000        0x0 /opt/devkitpro/devkitARM/bin/../lib/gcc/arm-none-eabi/13.1.0/thumb/crti.o
 .text          0x00000000        0x0 /opt/devkitpro/devkitARM/bin/../lib/gcc/arm-none-eabi/13.1.0/thumb/crtbegin.o
 .data          0x00000000        0x0 /opt/devkitpro/devkitARM/bin/../lib/gcc/arm-none-eabi/13.1.0/thumb/crtbegin.o
 .bss           0x00000000        0x0 /opt/devkitpro/devkitARM/bin/../lib/gcc/arm-none-eabi/13.1.0/thumb/crtbegin.o
 .rodata.all_implied_fbits
                0x00000000       0x24 /opt/devkitpro/devkitARM/bin/../lib/gcc/arm-none-eabi/13.1.0/thumb/crtbegin.o
 .data.__dso_handle
                0x00000000        0x4 /opt/devkitpro/devkitARM/bin/../lib/gcc/arm-none-eabi/13.1.0/thumb/crtbegin.o
 .text          0x00000000        0x0 _bn_audio_soundbank.bin.o
 .data          0x00000000        0x0 _bn_audio_soundbank.bin.o
 .bss           0x00000000        0x0 _bn_audio_soundbank.bin.o
 .text          0x00000000        0x0 card_back_bn_gfx.o
 .data          0x00000000        0x0 card_back_bn_gfx.o
 .bss           0x00000000        0x0 card_back_bn_gfx.o
 .text          0x00000000        0x0 cards_clubs_bn_gfx.o
 .data          0x00000000        0x0 cards_clubs_bn_gfx.o
 .bss           0x00000000        0x0 cards_clubs_bn_gfx.o
 .text          0x00000000        0x0 cards_diamond_bn_gfx.o
 .data          0x00000000        0x0 cards_diamond_bn_gfx.o
 .bss           0x00000000        0x0 cards_diamond_bn_gfx.o
 .text          0x00000000        0x0 cards_hearts_bn_gfx.o
 .data          0x00000000        0x0 cards_hearts_bn_gfx.o
 .bss           0x00000000        0x0 cards_hearts_bn_gfx.o
 .text          0x00000000        0x0 cards_spades_bn_gfx.o
 .data          0x00000000        0x0 cards_spades_bn_gfx.o
 .bss           0x00000000        0x0 cards_spades_bn_gfx.o
 .text          0x00000000        0x0 chip_margin_bn_gfx.o
 .data          0x00000000        0x0 chip_margin_bn_gfx.o
 .bss           0x00000000        0x0 chip_margin_bn_gfx.o
 .text          0x00000000        0x0 chips_bn_gfx.o
 .data          0x00000000        0x0 chips_bn_gfx.o
 .bss           0x00000000        0x0 chips_bn_gfx.o
 .text          0x00000000        0x0 juniors_bn_gfx.o
 .data          0x00000000        0x0 juniors_bn_gfx.o
 .bss           0x00000000        0x0 juniors_bn_gfx.o
 .text          0x00000000        0x0 title_screen_bn_gfx.o
 .data          0x00000000        0x0 title_screen_bn_gfx.o
 .bss           0x00000000        0x0 title_screen_bn_gfx.o
 .text          0x00000000        0x0 clouds_bn_gfx.o
 .data          0x00000000        0x0 clouds_bn_gfx.o
 .bss           0x00000000        0x0 clouds_bn_gfx.o
 .rodata        0x00000000     0x3ba0 clouds_bn_gfx.o
 .text          0x00000000        0x0 land_bn_gfx.o
 .data          0x00000000        0x0 land_bn_gfx.o
 .bss           0x00000000        0x0 land_bn_gfx.o
 .text          0x00000000        0x0 ninja_bn_gfx.o
 .data          0x00000000        0x0 ninja_bn_gfx.o
 .bss           0x00000000        0x0 ninja_bn_gfx.o
 .text          0x00000000        0x0 common_fixed_8x16_font_bn_gfx.o
 .data          0x00000000        0x0 common_fixed_8x16_font_bn_gfx.o
 .bss           0x00000000        0x0 common_fixed_8x16_font_bn_gfx.o
 .rodata        0x00000000     0x1ba0 common_fixed_8x16_font_bn_gfx.o
 .text          0x00000000        0x0 common_fixed_8x8_font_bn_gfx.o
 .data          0x00000000        0x0 common_fixed_8x8_font_bn_gfx.o
 .bss           0x00000000        0x0 common_fixed_8x8_font_bn_gfx.o
 .rodata        0x00000000      0xde0 common_fixed_8x8_font_bn_gfx.o
[...]
Memory Configuration

Name             Origin             Length             Attributes
rom              0x08000000         0x02000000
iwram            0x03000000         0x00008000
ewram            0x02000000         0x00040000
*default*        0x00000000         0xffffffff

Linker script and memory map

                0x08000000                        __text_start = ORIGIN (rom)
                0x02040000                        __eheap_end = (ORIGIN (ewram) + LENGTH (ewram))
                0x03000000                        __iwram_start = ORIGIN (iwram)
                0x03008000                        __iwram_top = (ORIGIN (iwram) + LENGTH (iwram))
                0x03007fa0                        __sp_irq = (__iwram_top - 0x60)
                0x03007f00                        __sp_usr = (__sp_irq - 0xa0)
                0x03007ff8                        __irq_flags = 0x3007ff8
                0x08000000                        . = __text_start

.crt0           0x08000000      0x210
 *(.crt0)
 .crt0          0x08000000      0x210 /opt/devkitpro/devkitARM/bin/../lib/gcc/arm-none-eabi/13.1.0/../../../../arm-none-eabi/lib/thumb/gba_crt0.o
                0x08000000                _start
                0x080000c4                __boot_method
                0x080000c5                __slave_number
                0x080000e0                start_vector
                0x08000210                        . = ALIGN (0x4)

.init           0x08000210        0xc
 *(SORT_NONE(.init))
 .init          0x08000210        0x4 /opt/devkitpro/devkitARM/bin/../lib/gcc/arm-none-eabi/13.1.0/thumb/crti.o
                0x08000210                _init
 .init          0x08000214        0x8 /opt/devkitpro/devkitARM/bin/../lib/gcc/arm-none-eabi/13.1.0/thumb/crtn.o

.plt            0x0800021c        0x0
 *(.plt)
                0x0800021c                        . = ALIGN (0x4)

.text           0x08000220    0x146f8
 *(EXCLUDE_FILE(*.iwram*) .text*)
 .text.__do_global_dtors_aux
                0x08000220       0x2c /opt/devkitpro/devkitARM/bin/../lib/gcc/arm-none-eabi/13.1.0/thumb/crtbegin.o
 .text.frame_dummy
                0x0800024c       0x24 /opt/devkitpro/devkitARM/bin/../lib/gcc/arm-none-eabi/13.1.0/thumb/crtbegin.o
 .text          0x08000270     0x71b0 /var/folders/hh/23pglgc92ms4484tj0gqpx6m0000gn/T//ccywccRP.ltrans0.ltrans.o
                0x08000b84                bn::operator<=>(bn::fixed_t<12>, bn::fixed_t<12>)
                0x08000c3c                bn::ivector<bn::sprite_ptr>::clear()
                0x08000d24                void bn::ostringstream::append_args<char [4], int>(char const (&) [4], int const&)
                0x08000d24                void bn::ostringstream::append_args<char [11], int>(char const (&) [11], int const&)
                0x08000d24                void bn::ostringstream::append_args<char [8], int>(char const (&) [8], int const&)
                0x08000d3e                bn::ivector<Poker::Card>::_assign(bn::ivector<Poker::Card> const&)
                0x08000d62                bn::istring::_append(char const*, int)
                0x08000dc4                bn::hw::memory::copy_half_words(void const*, int, void*)
                0x08000dd8                bn::hw::memory::copy_words(void const*, int, void*)
                0x08000dec                bn::regular_bg_tiles_item::valid_tiles_count(int, bn::bpp_mode)
                0x08000e1a                bn::bg_blocks_manager::(anonymous namespace)::_ceil_half_words_to_blocks(int) [clone .lto_priv.0]
                0x08000e30                bn::bg_blocks_manager::(anonymous namespace)::_new_affine_map_blocks_count(int, int, bool) [clone .lto_priv.0]
                0x08000e60                bn::bg_blocks_manager::increase_usages(int)
                0x08000e74                bn::bg_blocks_manager::decrease_usages(int)
                0x08000eec                bn::bg_blocks_manager::map_dimensions(int)
                0x08000f04                bn::affine_mat_attributes::_update_pb()
                0x08000f20                bn::affine_mat_attributes::_update_pc()
                0x08000f3a                bn::affine_mat_attributes::_update_pd()
                0x08000f4e                bn::bgs_manager::(anonymous namespace)::item_type::update_regular_hw_position() [clone .lto_priv.0]
                0x08000fac                bn::bgs_manager::(anonymous namespace)::_update_item_hw_cnt(bn::bgs_manager::(anonymous namespace)::item_type const&) [clone .lto_priv.0]
                0x08000fe4                bn::bgs_manager::update_regular_map_tiles_cbb(int, int)
                0x0800104c                bn::bgs_manager::update_regular_map_palette_bpp(int, bn::bpp_mode)
                0x080010b8                bn::bgs_manager::fill_hblank_effect_regular_positions(int, bn::fixed_t<12> const*, unsigned short*)
                0x080010ea                bn::cameras_manager::decrease_usages(int)
                0x08001114                bn::optional<bn::camera_ptr>::reset()
                0x08001134                _bn::assert::show(char const*, char const*, char const*, int, bn::istring_base const&)
                0x08001320                void _bn::assert::show_args<char [40]>(char const*, char const*, char const*, int, char const (&) [40])
                0x08001320                void _bn::assert::show_args<char [38]>(char const*, char const*, char const*, int, char const (&) [38])
                0x08001320                void _bn::assert::show_args<char [16]>(char const*, char const*, char const*, int, char const (&) [16])
                0x08001320                void _bn::assert::show_args<char [66]>(char const*, char const*, char const*, int, char const (&) [66])
                0x08001320                void _bn::assert::show_args<char [33]>(char const*, char const*, char const*, int, char const (&) [33])
                0x08001320                void _bn::assert::show_args<char [17]>(char const*, char const*, char const*, int, char const (&) [17])
                0x08001320                void _bn::assert::show_args<char [20]>(char const*, char const*, char const*, int, char const (&) [20])
                0x08001320                void _bn::assert::show_args<char [23]>(char const*, char const*, char const*, int, char const (&) [23])
                0x08001320                void _bn::assert::show_args<char [37]>(char const*, char const*, char const*, int, char const (&) [37])
                0x08001320                void _bn::assert::show_args<char [21]>(char const*, char const*, char const*, int, char const (&) [21])
                0x08001320                void _bn::assert::show_args<char [25]>(char const*, char const*, char const*, int, char const (&) [25])
                0x08001320                void _bn::assert::show_args<char [22]>(char const*, char const*, char const*, int, char const (&) [22])
                0x08001320                void _bn::assert::show_args<char [27]>(char const*, char const*, char const*, int, char const (&) [27])
                0x08001320                void _bn::assert::show_args<char [14]>(char const*, char const*, char const*, int, char const (&) [14])
                0x08001320                void _bn::assert::show_args<char [24]>(char const*, char const*, char const*, int, char const (&) [24])
                0x08001320                void _bn::assert::show_args<char [35]>(char const*, char const*, char const*, int, char const (&) [35])
                0x08001320                void _bn::assert::show_args<char [55]>(char const*, char const*, char const*, int, char const (&) [55])
                0x08001320                void _bn::assert::show_args<char [19]>(char const*, char const*, char const*, int, char const (&) [19])
                0x08001320                void _bn::assert::show_args<char [26]>(char const*, char const*, char const*, int, char const (&) [26])
                0x08001320                void _bn::assert::show_args<char [13]>(char const*, char const*, char const*, int, char const (&) [13])
                0x08001320                void _bn::assert::show_args<char [46]>(char const*, char const*, char const*, int, char const (&) [46])
                0x08001320                void _bn::assert::show_args<char [31]>(char const*, char const*, char const*, int, char const (&) [31])
                0x08001320                void _bn::assert::show_args<char [15]>(char const*, char const*, char const*, int, char const (&) [15])
                0x08001320                void _bn::assert::show_args<char [54]>(char const*, char const*, char const*, int, char const (&) [54])
                0x08001360                bn::ivector<bn::sprite_ptr>::push_back(bn::sprite_ptr&&) [clone .part.0] [clone .lto_priv.0]
                0x08001360                bn::ivector<unsigned short>::push_back(unsigned short&&) [clone .part.0] [clone .lto_priv.0]
                0x08001360                bn::ivector<Poker::Card>::push_back(Poker::Card&&) [clone .part.0] [clone .lto_priv.0]
                0x08001360                bn::ivector<signed char>::push_back(signed char&&) [clone .part.0] [clone .lto_priv.0]
                0x080013f2                bn::ivector<bn::sprite_ptr>::push_back(bn::sprite_ptr&&)
                0x08001416                bn::ivector<Poker::Card>::push_back(Poker::Card const&) [clone .part.0] [clone .lto_priv.0]
                0x08001416                bn::ivector<unsigned short>::push_back(unsigned short const&) [clone .part.0] [clone .lto_priv.0]
                0x08001486                bn::sorted_sprites::layer& bn::ipool<bn::sorted_sprites::layer>::create<bn::sort_key&>(bn::sort_key&) [clone .part.0] [clone .lto_priv.0]
                0x08001486                bn::bgs_manager::(anonymous namespace)::item_type& bn::ipool<bn::bgs_manager::(anonymous namespace)::item_type>::create<bn::regular_bg_builder, bn::regular_bg_map_ptr>(bn::regular_bg_builder&&, bn::regular_bg_map_ptr&&) [clone .part.0] [clone .lto_priv.0]
                0x08001486                bn::sprites_manager_item& bn::ipool<bn::sprites_manager_item>::create<bn::sprite_builder>(bn::sprite_builder&&) [clone .part.0] [clone .lto_priv.0]
                0x08001486                bn::sprites_manager_item& bn::ipool<bn::sprites_manager_item>::create<bn::fixed_point_t<12> const&, bn::sprite_shape_size const&, bn::sprite_tiles_ptr, bn::sprite_palette_ptr>(bn::fixed_point_t<12> const&, bn::sprite_shape_size const&, bn::sprite_tiles_ptr&&, bn::sprite_palette_ptr&&) [clone .part.0] [clone .lto_priv.0]
                0x080014a8                bn::bgs_manager::(anonymous namespace)::_insert_item(bn::bgs_manager::(anonymous namespace)::item_type&) [clone .lto_priv.0]
                0x0800159c                bn::iunordered_map<bn::tile const*, int, bn::sprite_tiles_manager::(anonymous namespace)::hasher, bn::equal_to<bn::tile const*> >::insert_hash(unsigned int, std::pair<bn::tile const* const, int>&&) [clone .part.0] [clone .lto_priv.0]
                0x0800159c                bn::iunordered_map<unsigned short, short, bn::identity_hasher, bn::equal_to<unsigned short> >::insert_hash(unsigned int, std::pair<unsigned short const, short>&&) [clone .part.0] [clone .lto_priv.0]
                0x0800159c                bn::iunordered_map<unsigned int, bn::audio_manager::sound_data_type, bn::identity_hasher, bn::equal_to<unsigned int> >::insert_hash(unsigned int, std::pair<unsigned int const, bn::audio_manager::sound_data_type>&&) [clone .part.0] [clone .lto_priv.0]
                0x080015c0                bn::bgs_manager::decrease_usages(void*)
                0x08001750                bn::optional<bn::affine_bg_map_ptr>::operator->() [clone .part.0] [clone .lto_priv.0]
                0x08001750                bn::optional<bn::bg_palette_ptr>::operator->() [clone .part.0] [clone .lto_priv.0]
                0x08001750                bn::optional<bn::regular_bg_tiles_ptr>::operator->() [clone .part.0] [clone .lto_priv.0]
                0x08001750                bn::optional<bn::regular_bg_map_ptr>::operator->() [clone .part.0] [clone .lto_priv.0]
                0x08001750                bn::optional<bn::span<bn::tile> >::operator->() [clone .part.0] [clone .lto_priv.0]
                0x08001750                bn::optional<bn::regular_bg_ptr>::operator->() [clone .part.0] [clone .lto_priv.0]
                0x08001750                bn::optional<bn::sprite_palette_ptr>::operator->() [clone .part.0] [clone .lto_priv.0]
                0x08001750                bn::optional<bn::sprite_tiles_ptr>::operator->() [clone .part.0] [clone .lto_priv.0]
                0x08001798                bn::bg_blocks_manager::(anonymous namespace)::item_type::palette_offset() const [clone .lto_priv.0]
                0x080017b0                bn::bg_blocks_manager::(anonymous namespace)::item_type::regular_tiles_offset() const [clone .lto_priv.0]
                0x08001a18                bn::bg_blocks_manager::log_status()
                0x08001d80                bn::bg_blocks_manager::(anonymous namespace)::item_type::affine_tiles_offset() const [clone .lto_priv.0]
                0x08002148                bn::optional<bn::sprite_palette_ptr>::operator*() const [clone .part.0] [clone .lto_priv.0]
                0x08002148                bn::optional<bn::bg_palette_ptr>::operator*() const [clone .part.0] [clone .lto_priv.0]
                0x08002148                bn::optional<bn::affine_bg_tiles_ptr>::operator*() const [clone .part.0] [clone .lto_priv.0]
                0x08002148                bn::optional<bn::affine_bg_map_ptr>::operator*() const [clone .part.0] [clone .lto_priv.0]
                0x08002148                bn::optional<bn::regular_bg_tiles_ptr>::operator*() const [clone .part.0] [clone .lto_priv.0]
                0x08002148                bn::optional<bn::regular_bg_map_ptr>::operator*() const [clone .part.0] [clone .lto_priv.0]
                0x0800216c                bn::optional<bn::sprite_palette_ptr>::operator*() [clone .part.0] [clone .lto_priv.0]
                0x0800216c                bn::optional<bn::sprite_tiles_ptr>::operator*() [clone .part.0] [clone .lto_priv.0]
                0x0800216c                bn::optional<bn::affine_bg_map_ptr>::operator*() [clone .part.0] [clone .lto_priv.0]
                0x0800216c                bn::optional<bn::regular_bg_map_ptr>::operator*() [clone .part.0] [clone .lto_priv.0]
                0x08002190                void _bn::assert::show_args<char [18], int>(char const*, char const*, char const*, int, char const (&) [18], int const&)
                0x08002190                void _bn::assert::show_args<char [20], int>(char const*, char const*, char const*, int, char const (&) [20], int const&)
                0x08002190                void _bn::assert::show_args<char [33], int>(char const*, char const*, char const*, int, char const (&) [33], int const&)
                0x08002190                void _bn::assert::show_args<char [22], int>(char const*, char const*, char const*, int, char const (&) [22], int const&)
                0x08002190                void _bn::assert::show_args<char [25], int>(char const*, char const*, char const*, int, char const (&) [25], int const&)
                0x08002190                void _bn::assert::show_args<char [39], int>(char const*, char const*, char const*, int, char const (&) [39], int const&)
                0x08002190                void _bn::assert::show_args<char [28], int>(char const*, char const*, char const*, int, char const (&) [28], int const&)
                0x08002190                void _bn::assert::show_args<char [16], int>(char const*, char const*, char const*, int, char const (&) [16], int const&)
                0x08002190                void _bn::assert::show_args<char [15], int>(char const*, char const*, char const*, int, char const (&) [15], int const&)
                0x08002190                void _bn::assert::show_args<char [27], int>(char const*, char const*, char const*, int, char const (&) [27], int const&)
                0x08002190                void _bn::assert::show_args<char [26], int>(char const*, char const*, char const*, int, char const (&) [26], int const&)
                0x080021e4                bn::bg_blocks_manager::(anonymous namespace)::_find_tiles_impl(unsigned short const*, bn::compression_type, int, bool) [clone .lto_priv.0]
                0x0800232c                bn::affine_mat_attributes::_output_scale(bn::fixed_t<12>)
                0x0800237c                bn::span<bn::tile>::_build_end(bn::tile*, int)
                0x0800237c                bn::span<bn::tile const>::_build_end(bn::tile const*, int)
                0x08002830                bn::bg_blocks_manager::(anonymous namespace)::_create_impl(bn::bg_blocks_manager::(anonymous namespace)::create_data&&) [clone .lto_priv.0]
                0x08002950                bn::operator*(bn::size const&, int)
                0x080029d8                void _bn::assert::show_args<char [27], bn::fixed_t<12> >(char const*, char const*, char const*, int, char const (&) [27], bn::fixed_t<12> const&)
                0x080029d8                void _bn::assert::show_args<char [24], bn::fixed_t<12> >(char const*, char const*, char const*, int, char const (&) [24], bn::fixed_t<12> const&)
                0x080029d8                void _bn::assert::show_args<char [25], bn::fixed_t<12> >(char const*, char const*, char const*, int, char const (&) [25], bn::fixed_t<12> const&)
                0x08002ab8                bn::affine_mat_attributes::set_rotation_angle(bn::fixed_t<12>)
                0x08002b70                bn::affine_mat_attributes::set_vertical_scale(bn::fixed_t<12>)
                0x08002bc4                bn::display_manager::blending_transparency_top_weight()
                0x08002bdc                bn::display_manager::blending_transparency_bottom_weight()
 .text.startup  0x08007420      0x698 /var/folders/hh/23pglgc92ms4484tj0gqpx6m0000gn/T//ccywccRP.ltrans0.ltrans.o
                0x08007420                main
 .text          0x08007ab8     0x67e4 /var/folders/hh/23pglgc92ms4484tj0gqpx6m0000gn/T//ccywccRP.ltrans1.ltrans.o
                0x08007c76                bn::hw::link::(anonymous namespace)::_resetStateCallback() [clone .lto_priv.0]
                0x08007d10                bmp16_drawg_b1cts
                0x08007da0                dummy_drawg
                0x08007da2                dummy_erase
                0x08008394                bmp16_erase
                0x080087e4                bn::hdma_manager::(anonymous namespace)::entry::update() [clone .lto_priv.0]
                0x08008812                bn::hdma_manager::commit(bool)
                0x0800883c                bn::keypad::b_pressed()
                0x0800884c                bn::keypad_manager::update()
                0x080088f8                operator delete(void*)
                0x08008904                operator delete[](void*)
                0x08008910                operator delete(void*, unsigned int)
                0x0800891c                operator delete[](void*, unsigned int)
                0x08008928                operator delete(void*, std::nothrow_t const&)
                0x08008934                operator delete[](void*, std::nothrow_t const&)
                0x08008940                bn::bg_palettes::set_transparent_color(bn::color)
                0x08008958                bn::palettes_bank::increase_usages(int)
                0x08008966                bn::palettes_bank::update()
                0x08008a64                bn::palettes_bank::retrieve_commit_data() const
                0x08008aac                bn::palettes_bank::_bpp_8_slots_count() const
                0x08008ac2                bn::palettes_bank::find_bpp_4(bn::span<bn::color const> const&, unsigned short)
                0x08008b5c                bn::iunordered_map<unsigned short, short, bn::identity_hasher, bn::equal_to<unsigned short> >::insert_hash(unsigned int, std::pair<unsigned short const, short>&&)
                0x08008bd4                bn::sprite_affine_mats_manager::(anonymous namespace)::_update_flipped_identity(int) [clone .lto_priv.0]
                0x08008c34                bn::sprite_affine_mats_manager::(anonymous namespace)::_update(int) [clone .lto_priv.0]
                0x08008c68                bn::sprite_affine_mats_manager::decrease_usages(int)
                0x08008ca0                bool bn::sprite_affine_mats_manager::(anonymous namespace)::_sprite_double_size<32, 16>(int, int, int, int, int) [clone .lto_priv.0]
                0x08008d24                bool bn::sprite_affine_mats_manager::(anonymous namespace)::_sprite_double_size<16, 32>(int, int, int, int, int) [clone .lto_priv.0]
                0x08008da8                bn::hw::sprite_tiles::clear_tiles(int, bn::tile*)
                0x08008dbc                bn::hw::sprite_tiles::plot_tiles(int, bn::tile const*, int, int, bn::tile*)
                0x08008e70                bn::sprite_text_generator::generate(bn::fixed_t<12>, bn::fixed_t<12>, bn::string_view const&, bn::ivector<bn::sprite_ptr>&) const
                0x08008eb8                bn::(anonymous namespace)::fixed_height_8_painter<8, false>::_clear_left() [clone .lto_priv.0]
                0x08008ed8                bn::(anonymous namespace)::fixed_height_8_painter<16, false>::_clear_left() [clone .lto_priv.0]
                0x08008efa                bn::(anonymous namespace)::fixed_height_16_painter<8, false>::_clear(int) const [clone .lto_priv.0]
                0x08008f1e                bn::(anonymous namespace)::fixed_height_16_painter<16, false>::_clear(int) const [clone .lto_priv.0]
                0x08008f42                bn::sprite_tiles_manager::(anonymous namespace)::_insert_free_item(int, unsigned short*) [clone .lto_priv.0]
                0x08008f7c                bn::sprites_manager_item::update_hw_position()
                0x08009030                bn::sprites_manager::(anonymous namespace)::_always_update_indexes_to_commit(bn::sprites_manager_item const&) [clone .lto_priv.0]
                0x08009078                bn::sprites_manager::(anonymous namespace)::_update_indexes_to_commit(bn::sprites_manager_item const&) [clone .lto_priv.0]
                0x08009098                bn::sprites_manager::(anonymous namespace)::_update_item_dimensions(bn::sprites_manager_item&) [clone .lto_priv.0]
                0x080090c8                bn::sprites_manager::update_auto_double_size(void*)
                0x080090f8                bn::sprite_affine_mats_manager::(anonymous namespace)::item_type::update_attached_nodes_auto_double_size(bool) [clone .lto_priv.0]
                0x0800913a                bn::ostringstream::append(int)
                0x080091d8                bn::ostringstream::append(void const*)
                0x0800921c                bn::hw::timer::ticks()
                0x08009240                bn::hw::log(bn::istring_base const&)
                0x0800928c                bn::hw::audio::(anonymous namespace)::_erase_sound_from_queue(unsigned short) [clone .lto_priv.0]
                0x080092b8                __libc_init_array
                0x08009304                bn::hw::text::parse(unsigned int, bn::array<char, 32>&)
                0x08009378                bn::ostringstream::append(unsigned int)
                0x08009398                VgmStop()
                0x08009458                bn::hw::audio::stop_dmg_music()
                0x08009484                IRQ_Enable
                0x080094c4                IRQ_Disable
                0x08009514                bn::hblank_effects_manager::disable()
                0x08009534                channel1_silence.lto_priv.0
                0x08009568                channel2_silence.lto_priv.0
                0x08009594                channel3_silence.lto_priv.0
                0x080095c4                channel4_silence.lto_priv.0
                0x080097dc                gbt_refresh_pattern_ptr.lto_priv.0
                0x08009838                gbt_volume
                0x08009894                gbt_run_startup_commands.part.0.lto_priv.0
                0x08009910                bn::hw::audio::(anonymous namespace)::_commit() [clone .lto_priv.0]
                0x08009db4                bn::hw::audio::(anonymous namespace)::_vblank_handler() [clone .lto_priv.0]
                0x08009f70                bn::palettes_bank::decrease_usages(int)
                0x0800a140                bn::sprite_tiles_manager::update()
                0x0800a2c8                bn::sprite_tiles_manager::(anonymous namespace)::_hw_commit(bn::tile const*, bn::compression_type, int, int) [clone .lto_priv.0]
                0x0800a468                operator new(unsigned int)
                0x0800a498                operator new[](unsigned int)
                0x0800a4c8                operator new(unsigned int, std::nothrow_t const&)
                0x0800a4f8                operator new[](unsigned int, std::nothrow_t const&)
                0x0800a528                malloc
                0x0800a534                bn::bg_palette_ptr::create(bn::bg_palette_item const&)
                0x0800a628                bn::sprite_palette_ptr::create(bn::sprite_palette_item const&)
                0x0800a708                bn::palettes_bank::colors_hash(bn::span<bn::color const> const&)
                0x0800a74c                bn::ivector<unsigned short>::erase(unsigned short const*) [clone .part.0] [clone .lto_priv.0]
                0x0800a74c                bn::ivector<signed char>::erase(signed char const*) [clone .part.0] [clone .lto_priv.0]
                0x0800a770                bn::intrusive_list<bn::sorted_sprites::layer>::erase(bn::intrusive_list<bn::sorted_sprites::layer>::const_iterator) [clone .part.0] [clone .lto_priv.0]
                0x0800a770                bn::intrusive_list<bn::sprites_manager_item>::erase(bn::intrusive_list<bn::sprites_manager_item>::const_iterator) [clone .part.0] [clone .lto_priv.0]
                0x0800a770                bn::intrusive_list<bn::intrusive_list_node_type>::erase(bn::intrusive_list<bn::intrusive_list_node_type>::const_iterator) [clone .part.0] [clone .lto_priv.0]
                0x0800a7ee                bn::sprite_tiles_item::graphics_tiles_ref(int) const
                0x0800a86c                bn::(anonymous namespace)::_setup_builder(bn::sprite_text_generator const&, bn::sprite_builder&) [clone .lto_priv.0]
                0x0800a96c                bn::(anonymous namespace)::_graphics_index(char, bn::utf8_characters_map_ref const&, char const*, int&) [clone .lto_priv.0]
                0x0800aafc                bn::sprite_text_generator::width(bn::string_view const&) const
                0x0800ac56                bn::sprites_manager::set_new_affine_mat(void*, bn::affine_mat_attributes&)
                0x0800aea4                bn::ipool<bn::sprites_manager_item>::destroy(bn::sprites_manager_item&) [clone .part.0] [clone .lto_priv.0]
                0x0800aea4                bn::ipool<bn::sorted_sprites::layer>::destroy(bn::sorted_sprites::layer&) [clone .part.0] [clone .lto_priv.0]
                0x0800aec8                bn::ipool<bn::iforward_list<bn::hw::audio::(anonymous namespace)::sound_type>::value_node_type>::destroy(bn::iforward_list<bn::hw::audio::(anonymous namespace)::sound_type>::value_node_type&) [clone .lto_priv.0]
                0x0800aef0                bn::hw::audio::(anonymous namespace)::_check_sounds_queue() [clone .lto_priv.0]
                0x0800af5c                bn::hw::audio::stop_all_sounds()
                0x0800af84                bn::istring::push_back(char)
                0x0800b00c                bn::hw::link::(anonymous namespace)::_receiveResponseCallback(bn::lc::LinkResponse const&) [clone .lto_priv.0]
                0x0800b0c8                bn::hw::link::(anonymous namespace)::_sendDataCallback() [clone .lto_priv.0]
                0x0800b180                bn::hw::link::_serial_intr()
                0x0800b274                bn::hw::link::_timer_intr()
                0x0800b2bc                bn::igeneric_pool_base::_allocate()
                0x0800b300                bn::hw::audio::(anonymous namespace)::_add_sound_to_queue(int, unsigned short) [clone .lto_priv.0]
                0x0800b380                __aeabi_idiv0
                0x0800b3a4                bn::bg_blocks_manager::create_affine_map(bn::affine_bg_map_item const&, unsigned char const*, bn::affine_bg_tiles_ptr&&, bn::bg_palette_ptr&&, bool) [clone .constprop.0]
                0x0800b8d0                bn::hblank_effects_manager::(anonymous namespace)::item_type::check_update() [clone .lto_priv.0]
                0x0800d32c                bn::sprites_manager::set_tiles(void*, bn::sprite_tiles_ptr&&)
                0x0800d40c                bn::palettes_bank::log_status() const
                0x0800d540                bn::sprite_tiles_manager::log_status()
                0x0800d70c                bn::sprite_tiles_manager::(anonymous namespace)::_find_impl(bn::tile const*, bn::compression_type, int) [clone .lto_priv.0]
                0x0800d884                bn::sprite_tiles_manager::(anonymous namespace)::_create_item(int, bn::tile const*, bn::compression_type, int, bool) [clone .lto_priv.0]
                0x0800db86                bn::sprite_tiles_ptr::create(bn::sprite_tiles_item const&, int)
                0x0800dba8                bn::sprite_ptr::create(bn::fixed_t<12>, bn::fixed_t<12>, bn::sprite_item const&)
                0x0800dd18                bn::sprites_manager::create(bn::sprite_builder&&)
                0x0800e0e8                bn::tile* bn::(anonymous namespace)::_build_sprite_assert<(bn::sprite_size)2>(bn::sprite_text_generator const&, bn::sprite_palette_ptr const&, bn::fixed_point_t<12> const&, bn::ivector<bn::sprite_ptr>&) [clone .lto_priv.0]
                0x0800e1c0                bn::tile* bn::(anonymous namespace)::_build_sprite_assert<(bn::sprite_size)1>(bn::sprite_text_generator const&, bn::sprite_palette_ptr const&, bn::fixed_point_t<12> const&, bn::ivector<bn::sprite_ptr>&) [clone .lto_priv.0]
 .text          0x0800e29c     0x441c /var/folders/hh/23pglgc92ms4484tj0gqpx6m0000gn/T//ccywccRP.ltrans2.ltrans.o
                0x0800e538                bn::palettes_bank::set_transparent_color(bn::optional<bn::color> const&) [clone .constprop.0]
                0x0800e588                bn::igeneric_pool<144>::_allocate() [clone .constprop.0]
                0x0800e5b4                bn::igeneric_pool<64>::_allocate() [clone .constprop.0]
                0x0800e5e0                bn::iunordered_map<bn::tile const*, int, bn::sprite_tiles_manager::(anonymous namespace)::hasher, bn::equal_to<bn::tile const*> >::insert_hash(unsigned int, std::pair<bn::tile const* const, int>&&) [clone .constprop.0]
                0x0800e67c                int const& std::clamp<int>(int const&, int const&, int const&) [clone .constprop.0]
                0x0800e694                bn::lc::LinkConnection::resetState() [clone .constprop.0]
                0x0800e6c4                bn::lc::LinkConnection::stop() [clone .constprop.0]
                0x0800e6f0                bn::iunordered_map<bn::tile const*, int, bn::sprite_tiles_manager::(anonymous namespace)::hasher, bn::equal_to<bn::tile const*> >::find_hash(unsigned int, bn::tile const* const&) [clone .part.0] [clone .constprop.0] [clone .isra.0]
                0x0800e74c                bn::sprite_ptr::set_mosaic_enabled(bool) [clone .constprop.0] [clone .isra.0]
                0x0800e766                bn::hw::bgs::commit_data::commit_data() [clone .constprop.0] [clone .isra.0]
                0x0800e7c4                bn::bg_blocks_manager::(anonymous namespace)::items_list::items_list() [clone .constprop.0] [clone .isra.0]
                0x0800e810                bn::sprite_affine_mats_manager::(anonymous namespace)::static_data::static_data() [clone .constprop.0] [clone .isra.0]
                0x0800e8b4                bn::sprite_tiles_manager::(anonymous namespace)::static_data::static_data() [clone .constprop.0] [clone .isra.0]
                0x0800e9d0                bn::display_manager::(anonymous namespace)::static_data::static_data() [clone .constprop.0] [clone .isra.0]
                0x0800ea70                bn::hdma_manager::(anonymous namespace)::static_data::static_data() [clone .constprop.0] [clone .isra.0]
                0x0800eaa4                bn::hblank_effects_manager::(anonymous namespace)::static_external_data::static_external_data() [clone .constprop.0] [clone .isra.0]
                0x0800eb78                bn::ostringstream::append(char) [clone .isra.0]
                0x0800eb84                bn::sprite_ptr::set_tiles(bn::sprite_tiles_ptr&&) [clone .isra.0]
                0x0800eb90                bn::sprite_ptr::set_vertical_scale(bn::fixed_t<12>) [clone .isra.0]
                0x0800ec0c                bn::sprite_ptr::set_rotation_angle(bn::fixed_t<12>) [clone .isra.0]
                0x0800ec94                bn::sprite_ptr::set_visible(bool) [clone .isra.0]
                0x0800ecfc                bn::sprite_ptr::set_y(bn::fixed_t<12>) [clone .isra.0]
                0x0800ed40                bn::sprite_ptr::vertical_scale() const [clone .isra.0]
                0x0800ed64                unsigned short* std::__upper_bound<unsigned short*, unsigned int, __gnu_cxx::__ops::_Val_comp_iter<bn::sprite_tiles_manager::(anonymous namespace)::tiles_count_upper_bound_comparator::{lambda(unsigned int, int)#1}> >(unsigned short*, unsigned short*, unsigned int const&, __gnu_cxx::__ops::_Val_comp_iter<bn::sprite_tiles_manager::(anonymous namespace)::tiles_count_upper_bound_comparator::{lambda(unsigned int, int)#1}>) [clone .isra.0]
                0x0800eda8                unsigned short* std::__lower_bound<unsigned short*, int, __gnu_cxx::__ops::_Iter_comp_val<bn::sprite_tiles_manager::(anonymous namespace)::tiles_count_lower_bound_comparator::{lambda(int, unsigned int)#1}> >(unsigned short*, unsigned short*, int const&, __gnu_cxx::__ops::_Iter_comp_val<bn::sprite_tiles_manager::(anonymous namespace)::tiles_count_lower_bound_comparator::{lambda(int, unsigned int)#1}>) [clone .isra.0]
                0x0800edec                unsigned short* std::__lower_bound<unsigned short*, unsigned int, __gnu_cxx::__ops::_Iter_comp_val<bn::sprite_tiles_manager::(anonymous namespace)::tiles_count_lower_bound_comparator::{lambda(int, unsigned int)#1}> >(unsigned short*, unsigned short*, unsigned int const&, __gnu_cxx::__ops::_Iter_comp_val<bn::sprite_tiles_manager::(anonymous namespace)::tiles_count_lower_bound_comparator::{lambda(int, unsigned int)#1}>) [clone .isra.0]
                0x0800ee30                bn::optional<bn::sprite_tiles_ptr>::operator=(bn::sprite_tiles_ptr&&) [clone .isra.0]
                0x0800ee58                bn::intrusive_list<bn::intrusive_list_node_type>::erase(bn::intrusive_list_node_type&) [clone .isra.0]
                0x0800ee74                bn::sprite_affine_mat_ptr::~sprite_affine_mat_ptr() [clone .isra.0]
                0x0800ee88                bn::hw::sprites::shape_size(OBJ_ATTR const&) [clone .isra.0]
                0x0800ee96                bn::sprite_affine_mats_manager::(anonymous namespace)::item_type::sprite_double_size(int, bn::sprite_shape_size const&) const [clone .isra.0]
                0x0800f04e                bn::sprite_affine_mats_manager::sprite_double_size(int, bn::sprite_shape_size const&) [clone .isra.0]
                0x0800f098                bn::sprite_palette_ptr::~sprite_palette_ptr() [clone .isra.0]
                0x0800f0c6                bn::bg_palette_ptr::~bg_palette_ptr() [clone .isra.0]
                0x0800f0e0                bn::iunordered_map<unsigned short, short, bn::identity_hasher, bn::equal_to<unsigned short> >::find_hash(unsigned int, unsigned short const&) [clone .isra.0]
                0x0800f128                bn::palettes_bank::palettes_bank() [clone .isra.0]
                0x0800f1fc                bn::hdma_manager::(anonymous namespace)::entry::disable() [clone .isra.0]
                0x0800f210                bn::ivector<signed char>::push_back(signed char&&) [clone .isra.0]
                0x0800f22e                bn::regular_bg_ptr::~regular_bg_ptr() [clone .isra.0]
                0x0800f240                bn::regular_bg_ptr::set_blending_top_enabled(bool) [clone .isra.0]
                0x0800f290                bn::regular_bg_map_ptr::bpp() const [clone .isra.0]
                0x0800f2d0                bn::affine_bg_tiles_ptr::~affine_bg_tiles_ptr() [clone .isra.0]
                0x0800f2e4                bn::affine_bg_map_ptr::~affine_bg_map_ptr() [clone .isra.0]
                0x0800f2f8                bn::regular_bg_tiles_ptr::~regular_bg_tiles_ptr() [clone .isra.0]
                0x0800f30c                bn::bg_blocks_manager::(anonymous namespace)::items_list::insert_after(int, bn::bg_blocks_manager::(anonymous namespace)::item_type const&) [clone .constprop.0]
                0x0800f530                bn::bg_blocks_manager::(anonymous namespace)::create_data::~create_data() [clone .isra.0]
                0x0800f562                bn::bg_blocks_manager::(anonymous namespace)::item_type::~item_type() [clone .isra.0]
                0x0800f594                bn::regular_bg_map_ptr::~regular_bg_map_ptr() [clone .isra.0]
                0x0800f5a8                bn::bg_blocks_manager::(anonymous namespace)::items_list::iterator::operator++() [clone .isra.0]
                0x0800f5b8                Poker::Deck::Deck() [clone .isra.0]
                0x0800f608                bn::vector<Poker::Card, 52>::operator=(bn::vector<Poker::Card, 52>&&) [clone .isra.0]
                0x0800f63a                bn::vector<Poker::Card, 5>::vector(bn::vector<Poker::Card, 5> const&) [clone .isra.0]
                0x0800f654                bn::optional<bn::camera_ptr>::~optional() [clone .isra.0]
                0x0800f66e                bn::audio_manager::play_music(bn::music_item, bn::fixed_t<12>, bool) [clone .constprop.0]
                0x0800f6f4                bn::ivector<unsigned short>::erase(unsigned short const*) [clone .isra.0]
                0x0800f74c                bn::sorted_sprites::sorter::insert(bn::sprites_manager_item&) [clone .constprop.0]
                0x0800f868                bn::iforward_list<bn::hw::audio::(anonymous namespace)::sound_type>::erase_after(bn::iforward_list<bn::hw::audio::(anonymous namespace)::sound_type>::const_iterator) [clone .constprop.0]
                0x0800f8b0                bn::ivector<unsigned short>::insert(unsigned short const*, unsigned short&&) [clone .isra.0]
                0x0800f920                bn::sprite_tiles_ptr::~sprite_tiles_ptr() [clone .isra.0]
                0x0800f9e0                bn::optional<bn::sprite_tiles_ptr>::~optional() [clone .isra.0]
                0x0800f9f2                bn::sprite_ptr::~sprite_ptr() [clone .isra.0]
                0x0800faa8                bn::sprite_builder::~sprite_builder() [clone .isra.0]
                0x0800fad6                bn::string_view::string_view(char const*) [clone .isra.0]
                0x0800fb14                Game::world_map_dialog::redraw_dialog(Game::world_map_state::runtime_state const&, Game::world_map_config::npc_definition const*, bn::sprite_text_generator&, bn::vector<bn::sprite_ptr, 96>&) [clone .constprop.0]
                0x0800fbb4                bn::core::(anonymous namespace)::static_data::static_data() [clone .constprop.0] [clone .isra.0]
                0x0800fc08                bn::ostringstream::append(char const*) [clone .isra.0]
                0x0800fc24                void _bn::assert::show_args<char [52], unsigned short>(char const*, char const*, char const*, int, char const (&) [52], unsigned short const&) [clone .constprop.0]
                0x0800fc80                void _bn::assert::show_args<char [20], int, char [4], unsigned short>(char const*, char const*, char const*, int, char const (&) [20], int const&, char const (&) [4], unsigned short const&) [clone .constprop.0]
                0x0800fcec                void _bn::assert::show_args<char [44], bn::tile const*, char [4], bn::tile const*>(char const*, char const*, char const*, int, char const (&) [44], bn::tile const* const&, char const (&) [4], bn::tile const* const&) [clone .constprop.0]
                0x0800fd64                void _bn::assert::show_args<char [46], int, char [4], unsigned int>(char const*, char const*, char const*, int, char const (&) [46], int const&, char const (&) [4], unsigned int const&) [clone .constprop.0]
                0x0800ff90                void _bn::assert::show_args<char [27], unsigned char>(char const*, char const*, char const*, int, char const (&) [27], unsigned char const&) [clone .constprop.0]
                0x0800fff0                void _bn::assert::show_args<char [35], unsigned int>(char const*, char const*, char const*, int, char const (&) [35], unsigned int const&) [clone .constprop.0]
                0x08010048                void _bn::assert::show_args<char [16], int, char [4], int>(char const*, char const*, char const*, int, char const (&) [16], int const&, char const (&) [4], int const&) [clone .constprop.0]
                0x080100ac                bn::string_view::operator[](int) const [clone .constprop.0]
                0x080100f8                auto bn::create_sprite_animate_action_forever<int, int, int, int>(bn::sprite_ptr const&, int, bn::sprite_tiles_item const&, int, int, int, int) [clone .constprop.0]
                0x08010170                (anonymous namespace)::try_move_direction(Game::world_map_state::runtime_state&, Game::world_map_logic::direction, bool, int, int, int, int, Game::world_map_config::npc_definition const*, int, Game::world_map_logic::solid_rect const*, int, int, int, bn::sprite_ptr&, bn::sprite_animate_action<4>&) [clone .constprop.0]
                0x080102e4                bn::istring::append(char const*, int) [clone .isra.0]
                0x08010300                void _bn::assert::show_args<char [20], char, char [9], bn::string_view, char [2]>(char const*, char const*, char const*, int, char const (&) [20], char const&, char const (&) [9], bn::string_view const&, char const (&) [2]) [clone .constprop.0]
                0x08010378                void bn::ostringstream::append_args<char [17], int, char [34], bn::string_view>(char const (&) [17], int const&, char const (&) [34], bn::string_view const&) [clone .constprop.0]
                0x080103ac                void _bn::assert::show_args<char [32], char [15], unsigned short const*, char [16], int, char [17], int, char [34], bn::string_view>(char const*, char const*, char const*, int, char const (&) [32], char const (&) [15], unsigned short const* const&, char const (&) [16], int const&, char const (&) [17], int const&, char const (&) [34], bn::string_view const&) [clone .constprop.0]
                0x0801054c                bn::sprite_tiles_manager::allocate(int, bn::bpp_mode) [clone .constprop.0]
                0x08010620                void _bn::assert::show_args<char [28], char [15], bn::tile const*, char [16], int, char [34], bn::string_view>(char const*, char const*, char const*, int, char const (&) [28], char const (&) [15], bn::tile const* const&, char const (&) [16], int const&, char const (&) [34], bn::string_view const&) [clone .constprop.0]
                0x080106a4                bn::hw::show::error(bn::system_font const&, bn::string_view const&, bn::string_view const&, bn::string_view const&, int, bn::string_view const&, bn::string_view const&) [clone .constprop.0]
                0x0801095c                bn::sprite_ptr::set_z_order(int) [clone .isra.0]
                0x0801099c                bn::span<bn::color const>::span(bn::color const*, int) [clone .isra.0]
                0x08010b90                bn::(anonymous namespace)::_create_impl(bn::bg_palette_item const&, bool) [clone .constprop.0]
                0x08010c04                bn::(anonymous namespace)::_create_impl(bn::sprite_palette_item const&, bool) [clone .constprop.0]
                0x08010de8                bn::sprite_shape_size::tiles_count(bn::bpp_mode) const [clone .isra.0]
                0x08010e2e                bn::sprite_text_generator::sprite_text_generator(bn::sprite_font const&) [clone .isra.0]
                0x08010f6c                bn::sprite_ptr::set_scale(bn::fixed_t<12>, bn::fixed_t<12>) [clone .constprop.0] [clone .isra.0]
                0x08010ff4                bn::regular_bg_ptr::create(bn::fixed_t<12>, bn::fixed_t<12>, bn::regular_bg_item const&) [clone .constprop.0]
                0x08011b80                bn::sprite_builder::sprite_builder(bn::sprite_shape_size const&, bn::sprite_tiles_ptr, bn::sprite_palette_ptr) [clone .isra.0]
                0x08011c4c                bool bn::(anonymous namespace)::_generate<false>(bn::sprite_text_generator const&, bn::fixed_point_t<12> const&, bn::string_view const&, bn::utf8_characters_map_ref const&, int, int, bool, bn::ivector<bn::sprite_ptr>&) [clone .isra.0]
 .text.startup  0x080126b8      0x288 /var/folders/hh/23pglgc92ms4484tj0gqpx6m0000gn/T//ccywccRP.ltrans2.ltrans.o
 .text.VBlankIntrWait
                0x08012940        0x4 tonc_bios.o
                0x08012940                VBlankIntrWait
 .text.memset16
                0x08012944       0x3c tonc_memset.o
                0x08012944                memset16
 .text          0x08012980      0x26c posprintf.o
                0x08012984                posprintf
 .text          0x08012bec      0x314 mm_effect.o
                0x08012bec                mmResetEffects
                0x08012c18                mmEffect
                0x08012c2e                mmEffectEx
                0x08012d2e                mmEffectActive
                0x08012d62                mmEffectVolume
                0x08012d7e                mmEffectPanning
                0x08012d92                mmEffectRate
                0x08012da6                mmEffectCancel
                0x08012de0                mmEffectRelease
                0x08012e06                mmEffectScaleRate
                0x08012e1a                mmSetEffectsVolume
                0x08012e28                mmEffectCancelAll
                0x08012e68                mmUpdateEffects
 .text          0x08012f00       0x14 mm_main.o
                0x08012f00                mpp_call_r7
                0x08012f02                mpp_call_r1
                0x08012f04                mpp_call_r2
                0x08012f06                mpp_call_r3
                0x08012f08                mmSetEventHandler
 .text          0x08012f14     0x1570 mm_mas.o
                0x08012f88                mmStart
                0x08012fa8                mmJingle
                0x08012fae                mmPlayModule
                0x08013078                mmPause
                0x08013094                mmResume
                0x080130a4                mmActive
                0x080130aa                mmActiveSub
                0x080130b0                mmSetModuleVolume
                0x080130c0                mmSetJingleVolume
                0x080130fc                mmGetPositionTick
                0x08013102                mmGetPositionRow
                0x08013108                mmGetPosition
                0x0801310e                mmPosition
                0x08013128                mmSetModuleTempo
                0x0801315a                mmSetModulePitch
                0x0801319c                mmStop
                0x08013262                mppUpdateSub
                0x080133be                mpp_Process_VolumeCommand
                0x080135f6                mpp_Process_Effect
                0x08013d44                ST3_FREQTABLE
                0x08014164                IT_PitchTable
 .text          0x08014484      0x12c mm_main_gba.o
                0x08014484                mmInit
                0x080144d8                mmSetVBlankHandler
                0x080144de                mmFrame
 .text          0x080145b0      0x1e0 mm_mixer_gba.o
                0x080145b0                mmMixerSetSource
                0x080145c4                mmMixerSetRead
                0x080145d2                mmMixerSetFreq
                0x080145e2                mmMixerMulFreq
                0x080145f6                mmMixerStopChannel
                0x08014608                mmMixerChannelActive
                0x0801461a                mmMixerSetVolume
                0x08014628                mmMixerSetPan
                0x08014636                mmMixerInit
 .text          0x08014790       0x3c /opt/devkitpro/devkitARM/bin/../lib/gcc/arm-none-eabi/13.1.0/thumb/libgcc.a(_call_via_rX.o)
                0x08014790                _call_via_r0
                0x08014794                _call_via_r1
                0x08014798                _call_via_r2
                0x0801479c                _call_via_r3
                0x080147a0                _call_via_r4
                0x080147a4                _call_via_r5
                0x080147a8                _call_via_r6
                0x080147ac                _call_via_r7
                0x080147b0                _call_via_r8
                0x080147b4                _call_via_r9
                0x080147b8                _call_via_sl
                0x080147bc                _call_via_fp
                0x080147c0                _call_via_ip
                0x080147c4                _call_via_sp
                0x080147c8                _call_via_lr
 .text          0x080147cc       0x14 /opt/devkitpro/devkitARM/bin/../lib/gcc/arm-none-eabi/13.1.0/thumb/libgcc.a(_thumb1_case_uqi.o)
                0x080147cc                __gnu_thumb1_case_uqi
 .text          0x080147e0       0x14 /opt/devkitpro/devkitARM/bin/../lib/gcc/arm-none-eabi/13.1.0/thumb/libgcc.a(_thumb1_case_uhi.o)
                0x080147e0                __gnu_thumb1_case_uhi
 *fill*         0x080147f4        0x4 ff
 .text.__stub   0x080147f8       0xdc linker stubs
 *(.gnu.linkonce.t.*)
 *(.text.*personality*)
 *(.gnu.warning)
 *(.glue_7t)
 .glue_7t       0x08014918        0x0 linker stubs
 *(.glue_7)
 .glue_7        0x08014918        0x0 linker stubs
 *(.vfp11_veneer)
 .vfp11_veneer  0x08014918        0x0 linker stubs
                0x08014918                        . = ALIGN (0x4)
                0x08014918                        __text_end = .

.v4_bx          0x08014918        0x0
 .v4_bx         0x08014918        0x0 linker stubs

.iplt           0x08014918        0x0
 .iplt          0x08014918        0x0 /opt/devkitpro/devkitARM/bin/../lib/gcc/arm-none-eabi/13.1.0/../../../../arm-none-eabi/lib/thumb/gba_crt0.o

.fini           0x08014918        0xc
 *(.fini)
 .fini          0x08014918        0x4 /opt/devkitpro/devkitARM/bin/../lib/gcc/arm-none-eabi/13.1.0/thumb/crti.o
                0x08014918                _fini
 .fini          0x0801491c        0x8 /opt/devkitpro/devkitARM/bin/../lib/gcc/arm-none-eabi/13.1.0/thumb/crtn.o
                0x08014924                        . = ALIGN (0x4)

.rodata         0x08014924   0x1e6f20
 *(.rodata)
 .rodata        0x08014924       0xa0 card_back_bn_gfx.o
                0x08014924                card_back_bn_gfxTiles
                0x080149a4                card_back_bn_gfxPal
 .rodata        0x080149c4      0x820 cards_clubs_bn_gfx.o
                0x080149c4                cards_clubs_bn_gfxTiles
                0x080151c4                cards_clubs_bn_gfxPal
 .rodata        0x080151e4      0x820 cards_diamond_bn_gfx.o
                0x080151e4                cards_diamond_bn_gfxTiles
                0x080159e4                cards_diamond_bn_gfxPal
 .rodata        0x08015a04      0x820 cards_hearts_bn_gfx.o
                0x08015a04                cards_hearts_bn_gfxTiles
                0x08016204                cards_hearts_bn_gfxPal
 .rodata        0x08016224      0x820 cards_spades_bn_gfx.o
                0x08016224                cards_spades_bn_gfxTiles
                0x08016a24                cards_spades_bn_gfxPal
 .rodata        0x08016a44      0x220 chip_margin_bn_gfx.o
                0x08016a44                chip_margin_bn_gfxTiles
                0x08016c44                chip_margin_bn_gfxPal
 .rodata        0x08016c64      0x320 chips_bn_gfx.o
                0x08016c64                chips_bn_gfxTiles
                0x08016f64                chips_bn_gfxPal
 .rodata        0x08016f84     0x5fc0 juniors_bn_gfx.o
                0x08016f84                juniors_bn_gfxTiles
                0x0801c644                juniors_bn_gfxMap
                0x0801ce44                juniors_bn_gfxPal
 .rodata        0x0801cf44     0x3720 title_screen_bn_gfx.o
                0x0801cf44                title_screen_bn_gfxTiles
                0x0801fe04                title_screen_bn_gfxMap
                0x08020604                title_screen_bn_gfxPal
 .rodata        0x08020664    0x438e0 land_bn_gfx.o
                0x08020664                land_bn_gfxTiles
                0x08023ea4                land_bn_gfxMap
                0x08063ea4                land_bn_gfxPal
 .rodata        0x08063f44      0x820 ninja_bn_gfx.o
                0x08063f44                ninja_bn_gfxTiles
                0x08064744                ninja_bn_gfxPal
 .rodata        0x08064764     0x3720 common_variable_16x16_font_bn_gfx.o
                0x08064764                common_variable_16x16_font_bn_gfxTiles
                0x08067e64                common_variable_16x16_font_bn_gfxPal
 .rodata        0x08067e84     0x1ba0 common_variable_8x16_font_bn_gfx.o
                0x08067e84                common_variable_8x16_font_bn_gfxTiles
                0x08069a04                common_variable_8x16_font_bn_gfxPal
 .rodata        0x08069a24      0xde0 common_variable_8x8_font_bn_gfx.o
                0x08069a24                common_variable_8x8_font_bn_gfxTiles
                0x0806a7e4                common_variable_8x8_font_bn_gfxPal
 .rodata        0x0806a804    0x20300 /var/folders/hh/23pglgc92ms4484tj0gqpx6m0000gn/T//ccywccRP.ltrans0.ltrans.o
                0x0806a9c0                bn::sprite_items::ninja
                0x0806a9dc                _ZN4Game16world_map_configL15npc_definitionsE.lto_priv.0
                0x0806c478                _ZN4Game16world_map_configL21traveler_dialog_linesE.lto_priv.0
                0x0806c498                _ZN4Game16world_map_configL17host_dialog_linesE.lto_priv.0
                0x0806c4c0                _ZN4Game16world_map_configL18guide_dialog_linesE.lto_priv.0
                0x0808aaec                _ZN2bn17bg_blocks_manager12_GLOBAL__N_1L19_status_log_messageE.lto_priv.0
                0x0808aaf4                _ZN12_GLOBAL__N_1L11solid_rectsE.lto_priv.0
 .rodata        0x0808ab04      0xf38 /var/folders/hh/23pglgc92ms4484tj0gqpx6m0000gn/T//ccywccRP.ltrans1.ltrans.o
                0x0808b1f4                _ZN2bn20sprite_tiles_manager12_GLOBAL__N_1L19_status_log_messageE.lto_priv.0
 .rodata        0x0808ba3c       0x3c /var/folders/hh/23pglgc92ms4484tj0gqpx6m0000gn/T//ccywccRP.ltrans2.ltrans.o
 .rodata        0x0808ba78      0xef8 verdana9.o
                0x0808ba78                verdana9Font
                0x0808ba90                verdana9Glyphs
                0x0808c890                verdana9Widths
 *all.rodata*(*)
 *(.roda)
 *(.rodata.*)
 .rodata._bn_audio_soundbank_bin
                0x0808c970   0x16cfac _bn_audio_soundbank.bin.o
                0x0808c970                _bn_audio_soundbank_bin
                0x081f991c                _bn_audio_soundbank_bin_end
 .rodata.str1.1
                0x081f991c      0xc70 /var/folders/hh/23pglgc92ms4484tj0gqpx6m0000gn/T//ccywccRP.ltrans0.ltrans.o
                                0xd05 (size before relaxing)
 .rodata.str1.1
                0x081fa58c      0xb0b /var/folders/hh/23pglgc92ms4484tj0gqpx6m0000gn/T//ccywccRP.ltrans1.ltrans.o
                                0xd16 (size before relaxing)
 .rodata.str1.1
                0x081fb097      0x7aa /var/folders/hh/23pglgc92ms4484tj0gqpx6m0000gn/T//ccywccRP.ltrans2.ltrans.o
                                0xba4 (size before relaxing)
 *(.gnu.linkonce.r*)
                0x081fb844                        . = ALIGN (0x4)
 *fill*         0x081fb841        0x3 ff

.ARM.extab
 *(.ARM.extab* .gnu.linkonce.armextab.*)
                0x081fb844                        __exidx_start = .

.ARM.exidx
 *(.ARM.exidx* .gnu.linkonce.armexidx.*)
                0x081fb844                        __exidx_end = .

.ctors          0x081fb844        0x0
 *crtbegin.o(.ctors)
 *(EXCLUDE_FILE(*crtend.o) .ctors)
 *(SORT_BY_NAME(.ctors.*))
 *(.ctors)
                0x081fb844                        . = ALIGN (0x4)

.dtors          0x081fb844        0x0
 *crtbegin.o(.dtors)
 *(EXCLUDE_FILE(*crtend.o) .dtors)
 *(SORT_BY_NAME(.dtors.*))
 *(.dtors)
                0x081fb844                        . = ALIGN (0x4)

.eh_frame       0x081fb844        0x4
 *(.eh_frame)
 .eh_frame      0x081fb844        0x0 /opt/devkitpro/devkitARM/bin/../lib/gcc/arm-none-eabi/13.1.0/thumb/crtbegin.o
 .eh_frame      0x081fb844        0x4 /opt/devkitpro/devkitARM/bin/../lib/gcc/arm-none-eabi/13.1.0/thumb/crtend.o
                0x081fb848                        . = ALIGN (0x4)

.gcc_except_table
                0x081fb848        0x0
 *(.gcc_except_table)
                0x081fb848                        . = ALIGN (0x4)
                0x081fb848                        __iwram_lma = .

.iwram          0x03000000     0x2008 load address 0x081fb848
                0x03000000                        __iwram_start__ = ABSOLUTE (.)
 *(.iwram .iwram*)
 .iwram         0x03000000       0x3a /var/folders/hh/23pglgc92ms4484tj0gqpx6m0000gn/T//ccywccRP.ltrans1.ltrans.o
 *fill*         0x0300003a        0x2 ff
 .iwram         0x0300003c       0x6c bn_hw_bg_blocks.o
                0x0300003c                bn_hw_bg_blocks_commit_half_words
                0x03000054                bn_hw_bg_blocks_commit_words
                0x0300006c                bn_hw_bg_blocks_commit_blocks
 .iwram         0x030000a8       0xd0 bn_hw_hblank_effects.o
                0x030000a8                bn::hw::hblank_effects::_intr()
                0x03000174                bn::hw::hblank_effects::data
 .iwram         0x03000178       0x30 bn_hw_palettes_asm.o
                0x03000178                bn_hw_palettes_different_words
 .iwram.clr_blend_fast
                0x030001a8       0x70 clr_blend_fast.o
                0x030001a8                clr_blend_fast
 .iwram         0x03000218       0x70 clr_fade_fast.o
                0x03000218                clr_fade_fast
 .iwram.memset32
                0x03000288       0x4c tonc_memset.o
                0x03000288                memset32
 .iwram         0x030002d4      0x134 irq_handler.o
                0x030002d4                IRQ_GlobalInterruptHandler
 .iwram.__aeabi_lmul
                0x03000408       0x14 lmul.o
                0x03000408                __aeabi_lmul
 .iwram.__aeabi_memcpy
                0x0300041c       0xc8 memcpy.o
                0x0300041c                __aeabi_memcpy
                0x03000454                __aeabi_memcpy4
                0x03000454                __aeabi_memcpy8
                0x030004c0                __agbabi_memcpy2
 .iwram.__agbabi_memcpy1
                0x030004e4       0x14 memcpy.o
                0x030004e4                __agbabi_memcpy1
 .iwram.memcpy  0x030004f8       0x10 memcpy.o
                0x030004f8                memcpy
 .iwram.__aeabi_memmove
                0x03000508        0xc memmove.o
                0x03000508                __aeabi_memmove
 .iwram.memmove
                0x03000514       0x10 memmove.o
                0x03000514                memmove
 .iwram.__aeabi_memset
                0x03000524       0x9c memset.o
                0x03000524                __aeabi_memset
                0x03000548                __aeabi_memset4
                0x03000548                __aeabi_memset8
                0x03000554                __agbabi_wordset4
                0x03000558                __agbabi_lwordset4
 .iwram.__agbabi_memset1
                0x030005c0       0x10 memset.o
                0x030005c0                __agbabi_memset1
 .iwram.memset  0x030005d0       0x1c memset.o
                0x030005d0                memset
 .iwram.__agbabi_rmemcpy
                0x030005ec       0xcc rmemcpy.o
                0x030005ec                __agbabi_rmemcpy
 .iwram.__agbabi_rmemcpy1
                0x030006b8       0x14 rmemcpy.o
                0x030006b8                __agbabi_rmemcpy1
 .iwram         0x030006cc       0x3c sdiv32.o
                0x030006cc                __aeabi_idivmod
                0x030006cc                __aeabi_idiv
 .iwram         0x03000708      0x1e0 udiv32.o
                0x03000708                __aeabi_uidivmod
                0x03000708                __aeabi_uidiv
                0x03000710                udiv32pastzero
                0x03000764                div32Iteration
 .iwram         0x030008e8       0x98 huffman.o
                0x030008e8                swi_HuffUnCompReadNormal
 .iwram         0x03000980      0x1ac lz77.o
                0x03000980                swi_LZ77UnCompWrite8bit
                0x03000980                swi_LZ77UnCompWrite16bit
 .iwram         0x03000b2c       0xec running_length.o
                0x03000b2c                swi_RLUnCompReadNormalWrite8bit
                0x03000b8c                swi_RLUnCompReadNormalWrite16bit
 .iwram         0x03000c18      0x554 mm_mas.o
                0x03000c18                mppProcessTick
                0x03000cfc                mpp_Channel_NewNote
                0x03000ddc                mpp_Update_ACHN_notest
 .iwram         0x0300116c      0x648 mm_mas_arm.o
                0x0300116c                mmAllocChannel
                0x030011e0                mmReadPattern
                0x030012cc                mmUpdateChannel_T0
                0x0300150c                mmUpdateChannel_TN
                0x030016ac                mmGetPeriod
                0x030016f0                note_table_oct
                0x0300170e                note_table_mod
 .iwram         0x030017b4        0x8 mm_main_gba.o
                0x030017b4                mpp_call_r7i
                0x030017b6                mpp_call_r2i
                0x030017b8                mpp_call_r1i
 .iwram         0x030017bc      0x838 mm_mixer_gba.o
                0x030017c0                mmVBlank
                0x03001844                mmMixerMix
 *fill*         0x03001ff4        0x4 ff
 .iwram.__stub  0x03001ff8        0xc linker stubs
 *iwram.*(.text* .data*)
                0x03002004                        . = ALIGN (0x4)
                0x03002008                        __iwram_end__ = ABSOLUTE (.)
                0x081fd850                        __data_lma = (__iwram_lma + SIZEOF (.iwram))

.bss            0x03002008      0x87c
                0x03002008                        __bss_start = ABSOLUTE (.)
                0x03002008                        __bss_start__ = ABSOLUTE (.)
 *(.dynbss)
 *(.gnu.linkonce.b*)
 *(.bss*)
 .bss.completed.1
                0x03002008        0x1 /opt/devkitpro/devkitARM/bin/../lib/gcc/arm-none-eabi/13.1.0/thumb/crtbegin.o
 *fill*         0x03002009        0x3 
 .bss.object.0  0x0300200c       0x18 /opt/devkitpro/devkitARM/bin/../lib/gcc/arm-none-eabi/13.1.0/thumb/crtbegin.o
 .bss           0x03002024      0x518 /var/folders/hh/23pglgc92ms4484tj0gqpx6m0000gn/T//ccywccRP.ltrans0.ltrans.o
                0x03002024                _ZN4GameL13deck_positionE.lto_priv.0
                0x0300202c                _ZN4GameL20player_hand_positionE.lto_priv.0
                0x03002034                IRQ_VectorTable
                0x0300248c                _ZN2bn22hblank_effects_manager12_GLOBAL__N_113internal_dataE.lto_priv.0
 .bss           0x0300253c        0x4 /var/folders/hh/23pglgc92ms4484tj0gqpx6m0000gn/T//ccywccRP.ltrans2.ltrans.o
                0x0300253c                fake_heap_end
 .bss           0x03002540       0x2d mm_effect.o
                0x03002564                mm_sfx_bitmask
                0x03002568                mm_sfx_clearmask
 *fill*         0x0300256d        0x3 
 .bss           0x03002570        0x8 mm_main.o
                0x03002570                mmCallback
                0x03002574                mm_ch_mask
 .bss           0x03002578      0x148 mm_mas.o
                0x03002578                mmLayerMain
                0x030025b0                mmLayerSub
                0x030025e8                mpp_vars
                0x030025f8                mpp_layerp
                0x030025fc                mpp_channels
                0x0300260c                mpp_nchannels
                0x0300260d                mpp_clayer
                0x03002610                mm_achannels
                0x03002614                mm_pchannels
                0x03002618                mm_num_mch
                0x0300261c                mm_num_ach
                0x03002620                mm_schannels
 .bss           0x030026c0        0x8 mm_main_gba.o
                0x030026c0                mm_vblank_function
                0x030026c4                mp_solution
 .bss           0x030026c8      0x1bc mm_mixer_gba.o
                0x030026c8                mp_writepos
                0x030026d0                mm_mixchannels
                0x030026d8                mm_mixlen
                0x030026ec                mm_bpmdv
                0x030026f0                mp_mix_seg
 *(COMMON)
                0x03002884                        . = ALIGN (0x4)
                0x03002884                        __bss_end__ = ABSOLUTE (.)

.data           0x03002884        0x0 load address 0x081fd850
                0x03002884                        __data_start__ = ABSOLUTE (.)
 *(.data*)
 *(.gnu.linkonce.d*)
                0x03002884                        . = ALIGN (0x4)
                0x081fd850                        __preinit_lma = (__data_lma + SIZEOF (.data))

.igot.plt       0x03002008        0x0 load address 0x081fd850
 .igot.plt      0x03002008        0x0 /opt/devkitpro/devkitARM/bin/../lib/gcc/arm-none-eabi/13.1.0/../../../../arm-none-eabi/lib/thumb/gba_crt0.o

.preinit_array  0x03002884        0x0 load address 0x081fd850
                0x03002884                        __preinit_array_start = ABSOLUTE (.)
 *(.preinit_array)
                0x03002884                        __preinit_array_end = ABSOLUTE (.)
                0x081fd850                        __init_lma = (__preinit_lma + SIZEOF (.preinit_array))

.init_array     0x03002884        0x8 load address 0x081fd850
                0x03002884                        __init_array_start = ABSOLUTE (.)
 *(SORT_BY_NAME(.init_array.*))
 *(.init_array)
 .init_array    0x03002884        0x4 /opt/devkitpro/devkitARM/bin/../lib/gcc/arm-none-eabi/13.1.0/thumb/crtbegin.o
 .init_array    0x03002888        0x4 /var/folders/hh/23pglgc92ms4484tj0gqpx6m0000gn/T//ccywccRP.ltrans2.ltrans.o
                0x0300288c                        __init_array_end = ABSOLUTE (.)
                0x081fd858                        __fini_lma = (__init_lma + SIZEOF (.init_array))

.fini_array     0x0300288c        0x4 load address 0x081fd858
                0x0300288c                        __fini_array_start = ABSOLUTE (.)
 *(SORT_BY_NAME(.fini_array.*))
 *(.fini_array)
 .fini_array    0x0300288c        0x4 /opt/devkitpro/devkitARM/bin/../lib/gcc/arm-none-eabi/13.1.0/thumb/crtbegin.o
                0x03002890                        __fini_array_end = ABSOLUTE (.)
                0x081fd85c                        __jcr_lma = (__fini_lma + SIZEOF (.fini_array))

.jcr
 *(.jcr)
                0x03002890                        __data_end__ = ABSOLUTE (.)
                0x081fd85c                        __iwram_overlay_lma = (__jcr_lma + SIZEOF (.jcr))
                0x03002890                        __iwram_overlay_start = .

.iwram0         0x03002890        0x0 load address 0x081fd85c
 *(.iwram0)
                0x03002890                        . = ALIGN (0x4)
                0x081fd85c                        PROVIDE (__load_start_iwram0 = LOADADDR (.iwram0))
                0x081fd85c                        PROVIDE (__load_stop_iwram0 = (LOADADDR (.iwram0) + SIZEOF (.iwram0)))

.iwram1         0x03002890        0x0
 *(.iwram1)
                0x03002890                        . = ALIGN (0x4)
                [!provide]                        PROVIDE (__load_start_iwram1 = LOADADDR (.iwram1))
                [!provide]                        PROVIDE (__load_stop_iwram1 = (LOADADDR (.iwram1) + SIZEOF (.iwram1)))

.iwram2         0x03002890        0x0
 *(.iwram2)
                0x03002890                        . = ALIGN (0x4)
                [!provide]                        PROVIDE (__load_start_iwram2 = LOADADDR (.iwram2))
                [!provide]                        PROVIDE (__load_stop_iwram2 = (LOADADDR (.iwram2) + SIZEOF (.iwram2)))

.iwram3         0x03002890        0x0
 *(.iwram3)
                0x03002890                        . = ALIGN (0x4)
                [!provide]                        PROVIDE (__load_start_iwram3 = LOADADDR (.iwram3))
                [!provide]                        PROVIDE (__load_stop_iwram3 = (LOADADDR (.iwram3) + SIZEOF (.iwram3)))

.iwram4         0x03002890        0x0
 *(.iwram4)
                0x03002890                        . = ALIGN (0x4)
                [!provide]                        PROVIDE (__load_start_iwram4 = LOADADDR (.iwram4))
                [!provide]                        PROVIDE (__load_stop_iwram4 = (LOADADDR (.iwram4) + SIZEOF (.iwram4)))

.iwram5         0x03002890        0x0
 *(.iwram5)
                0x03002890                        . = ALIGN (0x4)
                [!provide]                        PROVIDE (__load_start_iwram5 = LOADADDR (.iwram5))
                [!provide]                        PROVIDE (__load_stop_iwram5 = (LOADADDR (.iwram5) + SIZEOF (.iwram5)))

.iwram6         0x03002890        0x0
 *(.iwram6)
                0x03002890                        . = ALIGN (0x4)
                [!provide]                        PROVIDE (__load_start_iwram6 = LOADADDR (.iwram6))
                [!provide]                        PROVIDE (__load_stop_iwram6 = (LOADADDR (.iwram6) + SIZEOF (.iwram6)))

.iwram7         0x03002890        0x0
 *(.iwram7)
                0x03002890                        . = ALIGN (0x4)
                [!provide]                        PROVIDE (__load_start_iwram7 = LOADADDR (.iwram7))
                [!provide]                        PROVIDE (__load_stop_iwram7 = (LOADADDR (.iwram7) + SIZEOF (.iwram7)))

.iwram8         0x03002890        0x0
 *(.iwram8)
                0x03002890                        . = ALIGN (0x4)
                [!provide]                        PROVIDE (__load_start_iwram8 = LOADADDR (.iwram8))
                [!provide]                        PROVIDE (__load_stop_iwram8 = (LOADADDR (.iwram8) + SIZEOF (.iwram8)))

.iwram9         0x03002890        0x0
 *(.iwram9)
                0x03002890                        . = ALIGN (0x4)
                [!provide]                        PROVIDE (__load_start_iwram9 = LOADADDR (.iwram9))
                [!provide]                        PROVIDE (__load_stop_iwram9 = (LOADADDR (.iwram9) + SIZEOF (.iwram9)))
                0x03002890                        __iwram_overlay_end = .
                0x081fd85c                        __ewram_lma = (__iwram_overlay_lma + (__iwram_overlay_end - __iwram_overlay_start))
                0x03002890                        __iheap_start = .
                0x02000000                        __ewram_start = ORIGIN (ewram)

.ewram          0x02000000       0x58 load address 0x081fd85c
 *(.ewram*)
 .ewram         0x02000000       0x10 /var/folders/hh/23pglgc92ms4484tj0gqpx6m0000gn/T//ccywccRP.ltrans0.ltrans.o
                0x02000004                Vgm
 .ewram         0x02000010       0x48 /var/folders/hh/23pglgc92ms4484tj0gqpx6m0000gn/T//ccywccRP.ltrans1.ltrans.o
                0x02000010                __tte_main_context
                0x02000058                        . = ALIGN (0x4)
                0x02000058                        __ewram_end = ABSOLUTE (.)
                0x081fd8b4                        __pad_lma = (__ewram_lma + SIZEOF (.ewram))

.sbss           0x02000058     0x8208
                0x02000058                        __sbss_start__ = ABSOLUTE (.)
 *(.sbss*)
 .sbss          0x02000058     0x8208 /var/folders/hh/23pglgc92ms4484tj0gqpx6m0000gn/T//ccywccRP.ltrans0.ltrans.o
                0x02000058                _ZN2bn14keypad_manager12_GLOBAL__N_14dataE.lto_priv.0
                0x02000070                _ZN2bn15cameras_manager12_GLOBAL__N_14dataE.lto_priv.0
                0x020000a8                _ZN2bn4core12_GLOBAL__N_14dataE.lto_priv.0
                0x020000f0                _ZN2bn2hw5audio12_GLOBAL__N_14dataE.lto_priv.0
                0x0200013c                _ZN2bn12hdma_manager12_GLOBAL__N_14dataE.lto_priv.0
                0x02000174                _ZN2bn14memory_manager12_GLOBAL__N_14dataE.lto_priv.0
                0x02000188                gbt.lto_priv.0
                0x02000220                _ZN2bn11bgs_manager12_GLOBAL__N_14dataE.lto_priv.0
                0x020004cc                _ZN2bn17bg_blocks_manager12_GLOBAL__N_14dataE.lto_priv.0
                0x020006b0                _ZN2bn26sprite_affine_mats_manager12_GLOBAL__N_14dataE.lto_priv.0
                0x02000f78                _ZN2bn15sprites_manager12_GLOBAL__N_14dataE.lto_priv.0
                0x020035c8                _ZN2bn20sprite_tiles_manager12_GLOBAL__N_14dataE.lto_priv.0
                0x02004c3c                _ZN2bn16palettes_manager12_GLOBAL__N_14dataE.lto_priv.0
                0x020064d4                _ZN2bn13audio_manager12_GLOBAL__N_14dataE.lto_priv.0
                0x02006648                _ZN2bn2hw4link12_GLOBAL__N_14dataE.lto_priv.0
                0x02006778                _ZN2bn22hblank_effects_manager12_GLOBAL__N_113external_dataE.lto_priv.0
                0x020081bc                _ZN2bn15display_manager12_GLOBAL__N_14dataE.lto_priv.0
                0x02008260                        . = ALIGN (0x4)
                0x02008260                        __sbss_end__ = ABSOLUTE (.)
                0x02008260                        __end__ = ABSOLUTE (.)
                0x02008260                        __eheap_start = ABSOLUTE (.)

.pad            0x02008260        0x8 load address 0x081fd8b4
                0x02008260        0x4 LONG 0x52416b64
                0x02008264        0x4 LONG 0x4d
                0x02008268                        . = ALIGN (0x4)
                0x081fd8bc                        __rom_end__ = (__pad_lma + SIZEOF (.pad))

.rel.dyn        0x02008268        0x0 load address 0x081fd8bc
 .rel.iplt      0x02008268        0x0 /opt/devkitpro/devkitARM/bin/../lib/gcc/arm-none-eabi/13.1.0/../../../../arm-none-eabi/lib/thumb/gba_crt0.o

.stab
 *(.stab)

.stabstr
 *(.stabstr)

.stab.excl
 *(.stab.excl)

.stab.exclstr
 *(.stab.exclstr)

.stab.index
 *(.stab.index)

.stab.indexstr
 *(.stab.indexstr)

.comment        0x00000000       0x23
 *(.comment)
 .comment       0x00000000       0x23 /opt/devkitpro/devkitARM/bin/../lib/gcc/arm-none-eabi/13.1.0/thumb/crtbegin.o
                                 0x24 (size before relaxing)
 .comment       0x00000023       0x24 /var/folders/hh/23pglgc92ms4484tj0gqpx6m0000gn/T//ccywccRP.ltrans0.ltrans.o
 .comment       0x00000023       0x24 /var/folders/hh/23pglgc92ms4484tj0gqpx6m0000gn/T//ccywccRP.ltrans1.ltrans.o
 .comment       0x00000023       0x24 /var/folders/hh/23pglgc92ms4484tj0gqpx6m0000gn/T//ccywccRP.ltrans2.ltrans.o
 .comment       0x00000023       0x24 /opt/devkitpro/devkitARM/bin/../lib/gcc/arm-none-eabi/13.1.0/thumb/crtend.o

.debug
 *(.debug)

.line
 *(.line)

.debug_srcinfo
 *(.debug_srcinfo)

.debug_sfnames
 *(.debug_sfnames)

.debug_aranges  0x00000000      0x520
 *(.debug_aranges)
 .debug_aranges
                0x00000000       0x28 /var/folders/hh/23pglgc92ms4484tj0gqpx6m0000gn/T//ccywccRP.ltrans0.ltrans.o
 .debug_aranges
                0x00000028       0x28 /var/folders/hh/23pglgc92ms4484tj0gqpx6m0000gn/T//ccywccRP.ltrans1.ltrans.o
 .debug_aranges
                0x00000050       0x20 /var/folders/hh/23pglgc92ms4484tj0gqpx6m0000gn/T//ccywccRP.ltrans2.ltrans.o
 .debug_aranges
                0x00000070       0x20 bn_hw_bg_blocks.o
 .debug_aranges
                0x00000090       0x20 bn_hw_hblank_effects.o
 .debug_aranges
                0x000000b0       0x20 bn_hw_palettes_asm.o
 .debug_aranges
                0x000000d0       0x20 clr_blend_fast.o
 .debug_aranges
                0x000000f0       0x20 clr_fade_fast.o
 .debug_aranges
                0x00000110      0x130 tonc_bios.o
 .debug_aranges
                0x00000240       0x28 tonc_memset.o
 .debug_aranges
                0x00000268       0x20 irq_handler.o
 .debug_aranges
                0x00000288       0x20 posprintf.o
 .debug_aranges
                0x000002a8       0x38 lmul.o
 .debug_aranges
                0x000002e0       0x30 memcpy.o
 .debug_aranges
                0x00000310       0x38 memmove.o
 .debug_aranges
                0x00000348       0x38 memset.o
 .debug_aranges
                0x00000380       0x28 rmemcpy.o
 .debug_aranges
                0x000003a8       0x20 sdiv32.o
 .debug_aranges
                0x000003c8       0x20 udiv32.o
 .debug_aranges
                0x000003e8       0x20 huffman.o
 .debug_aranges
                0x00000408       0x20 lz77.o
 .debug_aranges
                0x00000428       0x20 running_length.o
 .debug_aranges
                0x00000448       0x20 mm_effect.o
 .debug_aranges
                0x00000468       0x20 mm_main.o
 .debug_aranges
                0x00000488       0x28 mm_mas.o
 .debug_aranges
                0x000004b0       0x20 mm_mas_arm.o
 .debug_aranges
                0x000004d0       0x28 mm_main_gba.o
 .debug_aranges
                0x000004f8       0x28 mm_mixer_gba.o

.debug_pubnames
 *(.debug_pubnames)

.debug_info     0x00000000   0x27cf51
 *(.debug_info)
 .debug_info    0x00000000    0x206bf /var/folders/hh/23pglgc92ms4484tj0gqpx6m0000gn/T//ccywccRP.ltrans0.ltrans.o
 .debug_info    0x000206bf    0x19989 /var/folders/hh/23pglgc92ms4484tj0gqpx6m0000gn/T//ccywccRP.ltrans1.ltrans.o
 .debug_info    0x0003a048    0x10527 /var/folders/hh/23pglgc92ms4484tj0gqpx6m0000gn/T//ccywccRP.ltrans2.ltrans.o
 .debug_info    0x0004a56f     0xc2f0 /var/folders/hh/23pglgc92ms4484tj0gqpx6m0000gn/T//cciP2ODY.debug.temp.o
                0x0004a56f                game_flow.cpp.399febaa
 .debug_info    0x0005685f      0x4d8 /var/folders/hh/23pglgc92ms4484tj0gqpx6m0000gn/T//ccGuvMmx.debug.temp.o
                0x0005685f                game_input.cpp.693ebd20
 .debug_info    0x00056d37     0x27a6 /var/folders/hh/23pglgc92ms4484tj0gqpx6m0000gn/T//ccmFwCI3.debug.temp.o
                0x00056d37                main.cpp.6f83f35d
 .debug_info    0x000594dd     0x9573 /var/folders/hh/23pglgc92ms4484tj0gqpx6m0000gn/T//ccR4rlfq.debug.temp.o
                0x000594dd                world_map_dialog.cpp.73ec3142
 .debug_info    0x00062a50     0x364d /var/folders/hh/23pglgc92ms4484tj0gqpx6m0000gn/T//cc75sm2d.debug.temp.o
                0x00062a50                world_map_interaction.cpp.d8f82177
 .debug_info    0x0006609d     0x3642 /var/folders/hh/23pglgc92ms4484tj0gqpx6m0000gn/T//cc5jQjeQ.debug.temp.o
                0x0006609d                world_map_logic.cpp.ce7b2583
 .debug_info    0x000696df     0x3596 /var/folders/hh/23pglgc92ms4484tj0gqpx6m0000gn/T//cc1u8Wcr.debug.temp.o
                0x000696df                world_map_movement.cpp.dea1ed10
 .debug_info    0x0006cc75     0x743c /var/folders/hh/23pglgc92ms4484tj0gqpx6m0000gn/T//ccOc6hN7.debug.temp.o
                0x0006cc75                world_map_npc_visual.cpp.3215b438
 .debug_info    0x000740b1     0x8668 /var/folders/hh/23pglgc92ms4484tj0gqpx6m0000gn/T//cc5tL2fj.debug.temp.o
                0x000740b1                world_map_player_visual.cpp.156bb2bb
 .debug_info    0x0007c719     0xf8ec /var/folders/hh/23pglgc92ms4484tj0gqpx6m0000gn/T//cczJOjdK.debug.temp.o
                0x0007c719                world_map_screen.cpp.c7875613
 .debug_info    0x0008c005      0x1a1 /var/folders/hh/23pglgc92ms4484tj0gqpx6m0000gn/T//ccbB6FmY.debug.temp.o
                0x0008c005                evaluate.cpp.398894c8
 .debug_info    0x0008c1a6     0xd0a6 /var/folders/hh/23pglgc92ms4484tj0gqpx6m0000gn/T//ccrWctZB.debug.temp.o
                0x0008c1a6                extras_screen.cpp.d357ef99
 .debug_info    0x0009924c       0x5b /var/folders/hh/23pglgc92ms4484tj0gqpx6m0000gn/T//ccfAPWvI.debug.temp.o
                0x0009924c                hash_table.cpp.8be6ecbd
 .debug_info    0x000992a7    0x11e56 /var/folders/hh/23pglgc92ms4484tj0gqpx6m0000gn/T//cc2PeLib.debug.temp.o
                0x000992a7                match_screen.cpp.32782b87
 .debug_info    0x000ab0fd     0xd13b /var/folders/hh/23pglgc92ms4484tj0gqpx6m0000gn/T//cc1lXwWw.debug.temp.o
                0x000ab0fd                menu_screen.cpp.fe159365
 .debug_info    0x000b8238     0x5b90 /var/folders/hh/23pglgc92ms4484tj0gqpx6m0000gn/T//ccjiTxej.debug.temp.o
                0x000b8238                poker_card.cpp.d66a9d52
 .debug_info    0x000bddc8     0x6a50 /var/folders/hh/23pglgc92ms4484tj0gqpx6m0000gn/T//ccag1YMS.debug.temp.o
                0x000bddc8                poker_deck.cpp.45ffc1c0
 .debug_info    0x000c4818     0x43dc /var/folders/hh/23pglgc92ms4484tj0gqpx6m0000gn/T//ccXDmBi7.debug.temp.o
                0x000c4818                poker_hand.cpp.63ee72c9
 .debug_info    0x000c8bf4     0xfb32 /var/folders/hh/23pglgc92ms4484tj0gqpx6m0000gn/T//ccvSJuUX.debug.temp.o
                0x000c8bf4                poker_minigame.cpp.84c8ab69
 .debug_info    0x000d8726     0x5dbc /var/folders/hh/23pglgc92ms4484tj0gqpx6m0000gn/T//cc5To1mH.debug.temp.o
                0x000d8726                poker_table.cpp.c43a1447
 .debug_info    0x000de4e2     0x3469 /var/folders/hh/23pglgc92ms4484tj0gqpx6m0000gn/T//cce1finh.debug.temp.o
                0x000de4e2                sram.cpp.c3bbb771
 .debug_info    0x000e194b       0xd2 /var/folders/hh/23pglgc92ms4484tj0gqpx6m0000gn/T//cc0t8QRo.debug.temp.o
                0x000e194b                tables.cpp.90568920
 .debug_info    0x000e1a1d     0xde8d /var/folders/hh/23pglgc92ms4484tj0gqpx6m0000gn/T//ccx2M3cj.debug.temp.o
                0x000e1a1d                title_screen.cpp.d5f85b64
 .debug_info    0x000ef8aa     0xa258 /var/folders/hh/23pglgc92ms4484tj0gqpx6m0000gn/T//ccxb5aDj.debug.temp.o
                0x000ef8aa                common_info.cpp.92303d10
 .debug_info    0x000f9b02     0xb033 /var/folders/hh/23pglgc92ms4484tj0gqpx6m0000gn/T//cc0ZLdXr.debug.temp.o
                0x000f9b02                common_stats.cpp.af3e045f
 .debug_info    0x00104b35     0x9d4e /var/folders/hh/23pglgc92ms4484tj0gqpx6m0000gn/T//ccyZx3lL.debug.temp.o
                0x00104b35                bn_affine_bg_animate_actions.cpp.2a59ccb3
 .debug_info    0x0010e883     0xdc0c /var/folders/hh/23pglgc92ms4484tj0gqpx6m0000gn/T//ccnBfO13.debug.temp.o
                0x0010e883                bn_audio_manager.cpp.a10cc562
 .debug_info    0x0011c48f     0x4632 /var/folders/hh/23pglgc92ms4484tj0gqpx6m0000gn/T//ccP8pfh6.debug.temp.o
                0x0011c48f                bn_best_fit_allocator.cpp.d209e779
 .debug_info    0x00120ac1    0x1c2b6 /var/folders/hh/23pglgc92ms4484tj0gqpx6m0000gn/T//ccVE1LwL.debug.temp.o
                0x00120ac1                bn_bg_blocks_manager.cpp.bb4cf5a3
 .debug_info    0x0013cd77    0x20bcd /var/folders/hh/23pglgc92ms4484tj0gqpx6m0000gn/T//ccpJRMWw.debug.temp.o
                0x0013cd77                bn_bgs_manager.cpp.fd278fbd
 .debug_info    0x0015d944     0x4e0f /var/folders/hh/23pglgc92ms4484tj0gqpx6m0000gn/T//ccufKQmC.debug.temp.o
                0x0015d944                bn_cameras_manager.cpp.3170bdad
 .debug_info    0x00162753     0x6853 /var/folders/hh/23pglgc92ms4484tj0gqpx6m0000gn/T//ccKGjTTU.debug.temp.o
                0x00162753                bn_core.cpp.5d8619d3
 .debug_info    0x00168fa6    0x147bc /var/folders/hh/23pglgc92ms4484tj0gqpx6m0000gn/T//cccogXb7.debug.temp.o
                0x00168fa6                bn_display_manager.cpp.9bdc014c
 .debug_info    0x0017d762     0x4cc8 /var/folders/hh/23pglgc92ms4484tj0gqpx6m0000gn/T//ccEti9Bi.debug.temp.o
                0x0017d762                bn_gpio_manager.cpp.c162cf8e
 .debug_info    0x0018242a    0x3a613 /var/folders/hh/23pglgc92ms4484tj0gqpx6m0000gn/T//ccNYDgoU.debug.temp.o
                0x0018242a                bn_hblank_effects_manager.cpp.add40a5b
 .debug_info    0x001bca3d     0x3dbf /var/folders/hh/23pglgc92ms4484tj0gqpx6m0000gn/T//cccEN7CB.debug.temp.o
                0x001bca3d                bn_hdma_manager.cpp.d6bff3fd
 .debug_info    0x001c07fc     0x4bed /var/folders/hh/23pglgc92ms4484tj0gqpx6m0000gn/T//ccFIzTrs.debug.temp.o
                0x001c07fc                bn_keypad_manager.cpp.4f2c89d2
 .debug_info    0x001c53e9     0x4dd2 /var/folders/hh/23pglgc92ms4484tj0gqpx6m0000gn/T//ccfGfZcR.debug.temp.o
                0x001c53e9                bn_link_manager.cpp.75660a5a
 .debug_info    0x001ca1bb     0x4e69 /var/folders/hh/23pglgc92ms4484tj0gqpx6m0000gn/T//cckzdiEV.debug.temp.o
                0x001ca1bb                bn_memory_manager.cpp.cf68bef5
 .debug_info    0x001cf024     0xf230 /var/folders/hh/23pglgc92ms4484tj0gqpx6m0000gn/T//ccJKwdih.debug.temp.o
                0x001cf024                bn_palettes_manager.cpp.7b8b0f6b
 .debug_info    0x001de254    0x104a3 /var/folders/hh/23pglgc92ms4484tj0gqpx6m0000gn/T//cc2fkUke.debug.temp.o
                0x001de254                bn_sprite_affine_mats_manager.cpp.8e68fb04
 .debug_info    0x001ee6f7     0x9031 /var/folders/hh/23pglgc92ms4484tj0gqpx6m0000gn/T//cchb8ROV.debug.temp.o
                0x001ee6f7                bn_sprite_animate_actions.cpp.bd229fee
 .debug_info    0x001f7728    0x1569a /var/folders/hh/23pglgc92ms4484tj0gqpx6m0000gn/T//ccTxjqcw.debug.temp.o
                0x001f7728                bn_sprite_text_generator.cpp.5e86636e
 .debug_info    0x0020cdc2     0xdd1d /var/folders/hh/23pglgc92ms4484tj0gqpx6m0000gn/T//cc67fgJm.debug.temp.o
                0x0020cdc2                bn_sprite_tiles_manager.cpp.ed244e43
 .debug_info    0x0021aadf     0x9cf7 /var/folders/hh/23pglgc92ms4484tj0gqpx6m0000gn/T//cchbMrtU.debug.temp.o
                0x0021aadf                bn_sprites_manager.bn_iwram.cpp.4cd36a98
 .debug_info    0x002247d6    0x1bcae /var/folders/hh/23pglgc92ms4484tj0gqpx6m0000gn/T//ccLNLYD7.debug.temp.o
                0x002247d6                bn_sprites_manager.cpp.651063c8
 .debug_info    0x00240484     0x63c5 /var/folders/hh/23pglgc92ms4484tj0gqpx6m0000gn/T//ccGQfTFF.debug.temp.o
                0x00240484                bn_sstream.cpp.576600f8
 .debug_info    0x00246849    0x112b4 /var/folders/hh/23pglgc92ms4484tj0gqpx6m0000gn/T//ccwto5rg.debug.temp.o
                0x00246849                bn_translation_unit.cpp.49ee9dbf
 .debug_info    0x00257afd     0x596c /var/folders/hh/23pglgc92ms4484tj0gqpx6m0000gn/T//ccZ42udO.debug.temp.o
                0x00257afd                bn_hw_audio.cpp.5ff36f8e
 .debug_info    0x0025d469     0x193d /var/folders/hh/23pglgc92ms4484tj0gqpx6m0000gn/T//ccF8cgRZ.debug.temp.o
                0x0025d469                bn_hw_common.bn_noflto.cpp.48e0d24e
 .debug_info    0x0025eda6     0x17d2 /var/folders/hh/23pglgc92ms4484tj0gqpx6m0000gn/T//ccwBvkQX.debug.temp.o
                0x0025eda6                bn_hw_cstdlib.cpp.0f9a73b5
 .debug_info    0x00260578      0x52b /var/folders/hh/23pglgc92ms4484tj0gqpx6m0000gn/T//ccS2AIEt.debug.temp.o
                0x00260578                bn_hw_cstring.cpp.3a7202dc
 .debug_info    0x00260aa3      0x5d2 /var/folders/hh/23pglgc92ms4484tj0gqpx6m0000gn/T//ccaq1URt.debug.temp.o
                0x00260aa3                bn_hw_game_pak.bn_ewram.cpp.2b53bb82
 .debug_info    0x00261075     0x5b57 /var/folders/hh/23pglgc92ms4484tj0gqpx6m0000gn/T//ccdl2KBw.debug.temp.o
                0x00261075                bn_hw_link.cpp.95d29e66
 .debug_info    0x00266bcc     0x115a /var/folders/hh/23pglgc92ms4484tj0gqpx6m0000gn/T//ccxpDTkh.debug.temp.o
                0x00266bcc                bn_hw_palettes.bn_iwram.cpp.3c9e90c3
 .debug_info    0x00267d26     0x49df /var/folders/hh/23pglgc92ms4484tj0gqpx6m0000gn/T//ccPgoGnw.debug.temp.o
                0x00267d26                bn_hw_palettes.cpp.e3cb43e9
 .debug_info    0x0026c705     0x667d /var/folders/hh/23pglgc92ms4484tj0gqpx6m0000gn/T//cciHoFBk.debug.temp.o
                0x0026c705                bn_hw_show.cpp.bd34e360
 .debug_info    0x00272d82      0x6f8 /var/folders/hh/23pglgc92ms4484tj0gqpx6m0000gn/T//ccqMHHB6.debug.temp.o
                0x00272d82                bn_hw_sprite_tiles.bn_iwram.cpp.e2f5dfe7
 .debug_info    0x0027347a      0x4e5 /var/folders/hh/23pglgc92ms4484tj0gqpx6m0000gn/T//ccxLVAhX.debug.temp.o
                0x0027347a                bn_hw_sram.bn_ewram.cpp.1c6ec975
 .debug_info    0x0027395f      0x549 /var/folders/hh/23pglgc92ms4484tj0gqpx6m0000gn/T//ccaswjFO.debug.temp.o
                0x0027395f                bn_hw_sram.bn_noflto.cpp.f9596504
 .debug_info    0x00273ea8      0x6c7 /var/folders/hh/23pglgc92ms4484tj0gqpx6m0000gn/T//ccakoIR6.debug.temp.o
                0x00273ea8                bn_hw_system_font.cpp.5ef2f177
 .debug_info    0x0027456f     0x4aab /var/folders/hh/23pglgc92ms4484tj0gqpx6m0000gn/T//cc9UemOP.debug.temp.o
                0x0027456f                bn_hw_text.cpp.a2630c82
 .debug_info    0x0027901a      0x653 /var/folders/hh/23pglgc92ms4484tj0gqpx6m0000gn/T//ccEOmvRK.debug.temp.o
                0x0027901a                vgm.cpp.d0c3762b
 .debug_info    0x0027966d       0xbd /var/folders/hh/23pglgc92ms4484tj0gqpx6m0000gn/T//cc2GnbTJ.debug.temp.o
                0x0027966d                hash.c.d81359f6
 .debug_info    0x0027972a      0x594 /var/folders/hh/23pglgc92ms4484tj0gqpx6m0000gn/T//ccK2OI1o.debug.temp.o
                0x0027972a                tonc_color.c.c552d950
 .debug_info    0x00279cbe      0x5e1 /var/folders/hh/23pglgc92ms4484tj0gqpx6m0000gn/T//ccQGjjf9.debug.temp.o
                0x00279cbe                tonc_sbmp16.c.d1feaa98
 .debug_info    0x0027a29f      0x596 /var/folders/hh/23pglgc92ms4484tj0gqpx6m0000gn/T//ccUH4352.debug.temp.o
                0x0027a29f                bmp16_drawg_b1cs.c.7268db84
 .debug_info    0x0027a835      0x4cf /var/folders/hh/23pglgc92ms4484tj0gqpx6m0000gn/T//cc1Qm0KI.debug.temp.o
                0x0027a835                tte_init_bmp.c.07e54807
 .debug_info    0x0027ad04      0x9ca /var/folders/hh/23pglgc92ms4484tj0gqpx6m0000gn/T//cc4YYbtH.debug.temp.o
                0x0027ad04                tte_main.c.903e5b2f
 .debug_info    0x0027b6ce      0x1b3 /var/folders/hh/23pglgc92ms4484tj0gqpx6m0000gn/T//cc4SaKa0.debug.temp.o
                0x0027b6ce                interrupts_gba.c.9d0bf0d6
 .debug_info    0x0027b881     0x119b /var/folders/hh/23pglgc92ms4484tj0gqpx6m0000gn/T//ccYasKW1.debug.temp.o
                0x0027b881                gbt_player.c.f09e9b3c
 .debug_info    0x0027ca1c       0x23 bn_hw_bg_blocks.o
 .debug_info    0x0027ca3f       0x24 bn_hw_hblank_effects.o
 .debug_info    0x0027ca63       0x23 bn_hw_palettes_asm.o
 .debug_info    0x0027ca86       0x30 clr_blend_fast.o
 .debug_info    0x0027cab6       0x23 clr_fade_fast.o
 .debug_info    0x0027cad9      0x1c8 tonc_bios.o
 .debug_info    0x0027cca1       0x3a tonc_memset.o
 .debug_info    0x0027ccdb       0x24 irq_handler.o
 .debug_info    0x0027ccff       0x24 posprintf.o
 .debug_info    0x0027cd23       0x22 lmul.o
 .debug_info    0x0027cd45       0x22 memcpy.o
 .debug_info    0x0027cd67       0x22 memmove.o
 .debug_info    0x0027cd89       0x22 memset.o
 .debug_info    0x0027cdab       0x22 rmemcpy.o
 .debug_info    0x0027cdcd       0x23 sdiv32.o
 .debug_info    0x0027cdf0       0x24 udiv32.o
 .debug_info    0x0027ce14       0x24 huffman.o
 .debug_info    0x0027ce38       0x24 lz77.o
 .debug_info    0x0027ce5c       0x24 running_length.o
 .debug_info    0x0027ce80       0x24 mm_effect.o
 .debug_info    0x0027cea4       0x23 mm_main.o
 .debug_info    0x0027cec7       0x22 mm_mas.o
 .debug_info    0x0027cee9       0x24 mm_mas_arm.o
 .debug_info    0x0027cf0d       0x22 mm_main_gba.o
 .debug_info    0x0027cf2f       0x22 mm_mixer_gba.o

.debug_abbrev   0x00000000    0x246cc
 *(.debug_abbrev)
 .debug_abbrev  0x00000000      0x336 /var/folders/hh/23pglgc92ms4484tj0gqpx6m0000gn/T//ccywccRP.ltrans0.ltrans.o
 .debug_abbrev  0x00000336      0x368 /var/folders/hh/23pglgc92ms4484tj0gqpx6m0000gn/T//ccywccRP.ltrans1.ltrans.o
 .debug_abbrev  0x0000069e      0x22c /var/folders/hh/23pglgc92ms4484tj0gqpx6m0000gn/T//ccywccRP.ltrans2.ltrans.o
 .debug_abbrev  0x000008ca      0xc6f /var/folders/hh/23pglgc92ms4484tj0gqpx6m0000gn/T//cciP2ODY.debug.temp.o
 .debug_abbrev  0x00001539      0x114 /var/folders/hh/23pglgc92ms4484tj0gqpx6m0000gn/T//ccGuvMmx.debug.temp.o
 .debug_abbrev  0x0000164d      0x5f7 /var/folders/hh/23pglgc92ms4484tj0gqpx6m0000gn/T//ccmFwCI3.debug.temp.o
 .debug_abbrev  0x00001c44      0xab6 /var/folders/hh/23pglgc92ms4484tj0gqpx6m0000gn/T//ccR4rlfq.debug.temp.o
 .debug_abbrev  0x000026fa      0x6c8 /var/folders/hh/23pglgc92ms4484tj0gqpx6m0000gn/T//cc75sm2d.debug.temp.o
 .debug_abbrev  0x00002dc2      0x6d4 /var/folders/hh/23pglgc92ms4484tj0gqpx6m0000gn/T//cc5jQjeQ.debug.temp.o
 .debug_abbrev  0x00003496      0x6ab /var/folders/hh/23pglgc92ms4484tj0gqpx6m0000gn/T//cc1u8Wcr.debug.temp.o
 .debug_abbrev  0x00003b41      0x996 /var/folders/hh/23pglgc92ms4484tj0gqpx6m0000gn/T//ccOc6hN7.debug.temp.o
 .debug_abbrev  0x000044d7      0xa06 /var/folders/hh/23pglgc92ms4484tj0gqpx6m0000gn/T//cc5tL2fj.debug.temp.o
 .debug_abbrev  0x00004edd      0xd97 /var/folders/hh/23pglgc92ms4484tj0gqpx6m0000gn/T//cczJOjdK.debug.temp.o
 .debug_abbrev  0x00005c74       0xbf /var/folders/hh/23pglgc92ms4484tj0gqpx6m0000gn/T//ccbB6FmY.debug.temp.o